Archive member included to satisfy reference by file (symbol)

C:/devkitPro/libogc/lib/cube\libogc.a(video.o)
                              GCUBE3DEngine.o (VIDEO_Init)
C:/devkitPro/libogc/lib/cube\libogc.a(pad.o)
                              GCUBE3DEngine.o (PAD_Init)
C:/devkitPro/libogc/lib/cube\libogc.a(system.o)
                              C:/devkitPro/libogc/lib/cube\libogc.a(video.o) (__SYS_LockSram)
C:/devkitPro/libogc/lib/cube\libogc.a(system_asm.o)
                              C:/devkitPro/libogc/lib/cube\libogc.a(system.o) (__reset)
C:/devkitPro/libogc/lib/cube\libogc.a(cond.o)
                              C:/devkitPro/libogc/lib/cube\libogc.a(system.o) (__lwp_cond_init)
C:/devkitPro/libogc/lib/cube\libogc.a(gx.o)
                              GCUBE3DEngine.o (GX_DrawDone)
C:/devkitPro/libogc/lib/cube\libogc.a(gu.o)
                              GCUBE3DEngine.o (guPerspective)
C:/devkitPro/libogc/lib/cube\libogc.a(gu_psasm.o)
                              GCUBE3DEngine.o (ps_guMtxConcat)
C:/devkitPro/libogc/lib/cube\libogc.a(decrementer.o)
                              C:/devkitPro/libogc/lib/cube\libogc.a(system.o) (__decrementer_init)
C:/devkitPro/libogc/lib/cube\libogc.a(message.o)
                              C:/devkitPro/libogc/lib/cube\libogc.a(system.o) (__lwp_mqbox_init)
C:/devkitPro/libogc/lib/cube\libogc.a(si.o)
                              C:/devkitPro/libogc/lib/cube\libogc.a(pad.o) (SI_Busy)
C:/devkitPro/libogc/lib/cube\libogc.a(tpl.o)
                              main.o (TPL_OpenTPLFromMemory)
C:/devkitPro/libogc/lib/cube\libogc.a(ogc_crt0.o)
                              (_start)
C:/devkitPro/libogc/lib/cube\libogc.a(timesupp.o)
                              C:/devkitPro/libogc/lib/cube\libogc.a(system.o) (gettick)
C:/devkitPro/libogc/lib/cube\libogc.a(lock_supp.o)
                              C:/devkitPro/libogc/lib/cube\libogc.a(system.o) (__libogc_lock_init)
C:/devkitPro/libogc/lib/cube\libogc.a(newlibc.o)
                              C:/devkitPro/libogc/lib/cube\libogc.a(system.o) (__libc_init)
C:/devkitPro/libogc/lib/cube\libogc.a(sbrk.o)
                              C:/devkitPro/libogc/lib/cube\libogc.a(system.o) (__libogc_sbrk_r)
C:/devkitPro/libogc/lib/cube\libogc.a(malloc_lock.o)
                              C:/devkitPro/libogc/lib/cube\libogc.a(system.o) (__memlock_init)
C:/devkitPro/libogc/lib/cube\libogc.a(argv.o)
                              C:/devkitPro/libogc/lib/cube\libogc.a(ogc_crt0.o) (__CheckARGV)
C:/devkitPro/libogc/lib/cube\libogc.a(lwp_priority.o)
                              C:/devkitPro/libogc/lib/cube\libogc.a(system.o) (__lwp_priority_init)
C:/devkitPro/libogc/lib/cube\libogc.a(lwp_threadq.o)
                              C:/devkitPro/libogc/lib/cube\libogc.a(cond.o) (__lwp_threadqueue_init)
C:/devkitPro/libogc/lib/cube\libogc.a(lwp_threads.o)
                              C:/devkitPro/libogc/lib/cube\libogc.a(cond.o) (_thr_executing)
C:/devkitPro/libogc/lib/cube\libogc.a(lwp_messages.o)
                              C:/devkitPro/libogc/lib/cube\libogc.a(message.o) (__lwpmq_initialize)
C:/devkitPro/libogc/lib/cube\libogc.a(lwp.o)
                              C:/devkitPro/libogc/lib/cube\libogc.a(system.o) (__lwp_sysinit)
C:/devkitPro/libogc/lib/cube\libogc.a(lwp_handler.o)
                              C:/devkitPro/libogc/lib/cube\libogc.a(lwp_threads.o) (_cpu_context_save_fp)
C:/devkitPro/libogc/lib/cube\libogc.a(lwp_stack.o)
                              C:/devkitPro/libogc/lib/cube\libogc.a(lwp_threads.o) (__lwp_stack_allocate)
C:/devkitPro/libogc/lib/cube\libogc.a(lwp_mutex.o)
                              C:/devkitPro/libogc/lib/cube\libogc.a(malloc_lock.o) (__lwp_mutex_initialize)
C:/devkitPro/libogc/lib/cube\libogc.a(lwp_watchdog.o)
                              C:/devkitPro/libogc/lib/cube\libogc.a(system.o) (__lwp_watchdog_init)
C:/devkitPro/libogc/lib/cube\libogc.a(lwp_wkspace.o)
                              C:/devkitPro/libogc/lib/cube\libogc.a(lwp_messages.o) (__wkspace_heap)
C:/devkitPro/libogc/lib/cube\libogc.a(lwp_objmgr.o)
                              C:/devkitPro/libogc/lib/cube\libogc.a(system.o) (__lwp_objmgr_initinfo)
C:/devkitPro/libogc/lib/cube\libogc.a(lwp_heap.o)
                              C:/devkitPro/libogc/lib/cube\libogc.a(lwp_wkspace.o) (__lwp_heap_init)
C:/devkitPro/libogc/lib/cube\libogc.a(sys_state.o)
                              C:/devkitPro/libogc/lib/cube\libogc.a(system.o) (_sys_state_curr)
C:/devkitPro/libogc/lib/cube\libogc.a(exception.o)
                              C:/devkitPro/libogc/lib/cube\libogc.a(system.o) (__systemcall_init)
C:/devkitPro/libogc/lib/cube\libogc.a(irq.o)
                              C:/devkitPro/libogc/lib/cube\libogc.a(video.o) (__UnmaskIrq)
C:/devkitPro/libogc/lib/cube\libogc.a(irq_handler.o)
                              C:/devkitPro/libogc/lib/cube\libogc.a(exception.o) (irq_exceptionhandler)
C:/devkitPro/libogc/lib/cube\libogc.a(semaphore.o)
[...]
Memory Configuration

Name             Origin             Length             Attributes
*default*        0x00000000         0xffffffff

Linker script and memory map

                0x80003100                . = 0x80003100

.init           0x80003100      0x194
 *crt0.o(*.init)
 .init          0x80003100      0x170 C:/devkitPro/libogc/lib/cube\libogc.a(ogc_crt0.o)
                0x80003100                _start
                0x80003240                _memset
 *(.init)
 .init          0x80003270        0xc c:/devkitpro/devkitppc/bin/../lib/gcc/powerpc-eabi/6.3.0/ecrti.o
                0x80003270                __init
 .init          0x8000327c        0x4 c:/devkitpro/devkitppc/bin/../lib/gcc/powerpc-eabi/6.3.0/crtbegin.o
 .init          0x80003280        0x4 c:/devkitpro/devkitppc/bin/../lib/gcc/powerpc-eabi/6.3.0/crtend.o
 .init          0x80003284       0x10 c:/devkitpro/devkitppc/bin/../lib/gcc/powerpc-eabi/6.3.0/ecrtn.o

.rela.dyn       0x80003294        0x0
 .rela.iplt     0x80003294        0x0 c:/devkitpro/devkitppc/bin/../lib/gcc/powerpc-eabi/6.3.0/crtbegin.o

.plt
 *(.plt)

.interp
 *(.interp)

.hash
 *(.hash)

.dynsym
 *(.dynsym)

.dynstr
 *(.dynstr)

.gnu.version
 *(.gnu.version)

.gnu.version_d
 *(.gnu.version_d)

.gnu.version_r
 *(.gnu.version_r)

.rel.init
 *(.rel.init)

.rela.init      0x80003294        0x0
 *(.rela.init)
 .rela.init     0x80003294        0x0 c:/devkitpro/devkitppc/bin/../lib/gcc/powerpc-eabi/6.3.0/crtbegin.o

.rel.text
 *(.rel.text .rel.text.* .rel.gnu.linkonce.t.*)

.rela.text      0x80003294        0x0
 *(.rela.text .rela.text.* .rela.gnu.linkonce.t.*)
 .rela.text.deregister_tm_clones
                0x80003294        0x0 c:/devkitpro/devkitppc/bin/../lib/gcc/powerpc-eabi/6.3.0/crtbegin.o
 .rela.text.register_tm_clones
                0x80003294        0x0 c:/devkitpro/devkitppc/bin/../lib/gcc/powerpc-eabi/6.3.0/crtbegin.o
 .rela.text.__do_global_dtors_aux
                0x80003294        0x0 c:/devkitpro/devkitppc/bin/../lib/gcc/powerpc-eabi/6.3.0/crtbegin.o
 .rela.text.frame_dummy
                0x80003294        0x0 c:/devkitpro/devkitppc/bin/../lib/gcc/powerpc-eabi/6.3.0/crtbegin.o
 .rela.text.init_engine
                0x80003294        0x0 c:/devkitpro/devkitppc/bin/../lib/gcc/powerpc-eabi/6.3.0/crtbegin.o
 .rela.text.preprender
                0x80003294        0x0 c:/devkitpro/devkitppc/bin/../lib/gcc/powerpc-eabi/6.3.0/crtbegin.o
 .rela.text.preprender_walk
                0x80003294        0x0 c:/devkitpro/devkitppc/bin/../lib/gcc/powerpc-eabi/6.3.0/crtbegin.o
 .rela.text.preprender_stat
                0x80003294        0x0 c:/devkitpro/devkitppc/bin/../lib/gcc/powerpc-eabi/6.3.0/crtbegin.o
 .rela.text.render_model_walk
                0x80003294        0x0 c:/devkitpro/devkitppc/bin/../lib/gcc/powerpc-eabi/6.3.0/crtbegin.o
 .rela.text.render_model
                0x80003294        0x0 c:/devkitpro/devkitppc/bin/../lib/gcc/powerpc-eabi/6.3.0/crtbegin.o
 .rela.text.render_enviroment
                0x80003294        0x0 c:/devkitpro/devkitppc/bin/../lib/gcc/powerpc-eabi/6.3.0/crtbegin.o
 .rela.text.render_enviroment_walk
                0x80003294        0x0 c:/devkitpro/devkitppc/bin/../lib/gcc/powerpc-eabi/6.3.0/crtbegin.o
 .rela.text.render_shape_walk
                0x80003294        0x0 c:/devkitpro/devkitppc/bin/../lib/gcc/powerpc-eabi/6.3.0/crtbegin.o
 .rela.text.render_shape
                0x80003294        0x0 c:/devkitpro/devkitppc/bin/../lib/gcc/powerpc-eabi/6.3.0/crtbegin.o
 .rela.text.render_shape_walk_cull
                0x80003294        0x0 c:/devkitpro/devkitppc/bin/../lib/gcc/powerpc-eabi/6.3.0/crtbegin.o
 .rela.text.render_shape_cull
                0x80003294        0x0 c:/devkitpro/devkitppc/bin/../lib/gcc/powerpc-eabi/6.3.0/crtbegin.o
 .rela.text.__call_resetfuncs
                0x80003294        0x0 c:/devkitpro/devkitppc/bin/../lib/gcc/powerpc-eabi/6.3.0/crtbegin.o
 .rela.text.__unlocksram
                0x80003294        0x0 c:/devkitpro/devkitppc/bin/../lib/gcc/powerpc-eabi/6.3.0/crtbegin.o
 .rela.text.__sram_writecallback
                0x80003294        0x0 c:/devkitpro/devkitppc/bin/../lib/gcc/powerpc-eabi/6.3.0/crtbegin.o
 .rela.text.__sys_alarmhandler
                0x80003294        0x0 c:/devkitpro/devkitppc/bin/../lib/gcc/powerpc-eabi/6.3.0/crtbegin.o
 .rela.text.__sram_read.constprop.10
                0x80003294        0x0 c:/devkitpro/devkitppc/bin/../lib/gcc/powerpc-eabi/6.3.0/crtbegin.o
 .rela.text.__sram_init
                0x80003294        0x0 c:/devkitpro/devkitppc/bin/../lib/gcc/powerpc-eabi/6.3.0/crtbegin.o
 .rela.text.__SYS_LockSram
                0x80003294        0x0 c:/devkitpro/devkitppc/bin/../lib/gcc/powerpc-eabi/6.3.0/crtbegin.o
 .rela.text.__SYS_LockSramEx
                0x80003294        0x0 c:/devkitpro/devkitppc/bin/../lib/gcc/powerpc-eabi/6.3.0/crtbegin.o
 .rela.text.__SYS_SyncSram
                0x80003294        0x0 c:/devkitpro/devkitppc/bin/../lib/gcc/powerpc-eabi/6.3.0/crtbegin.o
 .rela.text.__SYS_SetBootTime
                0x80003294        0x0 c:/devkitpro/devkitppc/bin/../lib/gcc/powerpc-eabi/6.3.0/crtbegin.o
 .rela.text.SYS_ResetSystem
                0x80003294        0x0 c:/devkitpro/devkitppc/bin/../lib/gcc/powerpc-eabi/6.3.0/crtbegin.o
 .rela.text.SYS_Init
                0x80003294        0x0 c:/devkitpro/devkitppc/bin/../lib/gcc/powerpc-eabi/6.3.0/crtbegin.o
 .rela.text.SYS_SetAlarm
                0x80003294        0x0 c:/devkitpro/devkitppc/bin/../lib/gcc/powerpc-eabi/6.3.0/crtbegin.o
 .rela.text.SYS_SetPeriodicAlarm
                0x80003294        0x0 c:/devkitpro/devkitppc/bin/../lib/gcc/powerpc-eabi/6.3.0/crtbegin.o
 .rela.text.SYS_RemoveAlarm
                0x80003294        0x0 c:/devkitpro/devkitppc/bin/../lib/gcc/powerpc-eabi/6.3.0/crtbegin.o
 .rela.text.SYS_CancelAlarm
                0x80003294        0x0 c:/devkitpro/devkitppc/bin/../lib/gcc/powerpc-eabi/6.3.0/crtbegin.o
 .rela.text.SYS_SetWirelessID
                0x80003294        0x0 c:/devkitpro/devkitppc/bin/../lib/gcc/powerpc-eabi/6.3.0/crtbegin.o
 .rela.text.SYS_GetWirelessID
                0x80003294        0x0 c:/devkitpro/devkitppc/bin/../lib/gcc/powerpc-eabi/6.3.0/crtbegin.o
 .rela.text.SYS_Time
                0x80003294        0x0 c:/devkitpro/devkitppc/bin/../lib/gcc/powerpc-eabi/6.3.0/crtbegin.o
 .rela.text.__lwp_cond_waitsupp.constprop.4
                0x80003294        0x0 c:/devkitpro/devkitppc/bin/../lib/gcc/powerpc-eabi/6.3.0/crtbegin.o
 .rela.text.__lwp_cond_signalsupp
                0x80003294        0x0 c:/devkitpro/devkitppc/bin/../lib/gcc/powerpc-eabi/6.3.0/crtbegin.o
 .rela.text.__lwp_cond_init
                0x80003294        0x0 c:/devkitpro/devkitppc/bin/../lib/gcc/powerpc-eabi/6.3.0/crtbegin.o
 .rela.text.LWP_CondInit
                0x80003294        0x0 c:/devkitpro/devkitppc/bin/../lib/gcc/powerpc-eabi/6.3.0/crtbegin.o
 .rela.text.LWP_CondDestroy
                0x80003294        0x0 c:/devkitpro/devkitppc/bin/../lib/gcc/powerpc-eabi/6.3.0/crtbegin.o
 .rela.text.__GXDefTlutRegionCallback
                0x80003294        0x0 c:/devkitpro/devkitppc/bin/../lib/gcc/powerpc-eabi/6.3.0/crtbegin.o
 .rela.text.__SetSURegs
                0x80003294        0x0 c:/devkitpro/devkitppc/bin/../lib/gcc/powerpc-eabi/6.3.0/crtbegin.o
 .rela.text.__GXCPInterruptHandler
                0x80003294        0x0 c:/devkitpro/devkitppc/bin/../lib/gcc/powerpc-eabi/6.3.0/crtbegin.o
 .rela.text.GX_SetTexCoordGen2.part.5
                0x80003294        0x0 c:/devkitpro/devkitppc/bin/../lib/gcc/powerpc-eabi/6.3.0/crtbegin.o
 .rela.text.__GXDefTexRegionCallback
                0x80003294        0x0 c:/devkitpro/devkitppc/bin/../lib/gcc/powerpc-eabi/6.3.0/crtbegin.o
 .rela.text.__GX_SetDirtyState
                0x80003294        0x0 c:/devkitpro/devkitppc/bin/../lib/gcc/powerpc-eabi/6.3.0/crtbegin.o
 .rela.text.GX_SetCPUFifo
                0x80003294        0x0 c:/devkitpro/devkitppc/bin/../lib/gcc/powerpc-eabi/6.3.0/crtbegin.o
 .rela.text.GX_SetGPFifo
                0x80003294        0x0 c:/devkitpro/devkitppc/bin/../lib/gcc/powerpc-eabi/6.3.0/crtbegin.o
 .rela.text.GX_RestoreWriteGatherPipe
                0x80003294        0x0 c:/devkitpro/devkitppc/bin/../lib/gcc/powerpc-eabi/6.3.0/crtbegin.o
 .rela.text.GX_Flush
                0x80003294        0x0 c:/devkitpro/devkitppc/bin/../lib/gcc/powerpc-eabi/6.3.0/crtbegin.o
 .rela.text.GX_RedirectWriteGatherPipe
                0x80003294        0x0 c:/devkitpro/devkitppc/bin/../lib/gcc/powerpc-eabi/6.3.0/crtbegin.o
 .rela.text.GX_EnableBreakPt
                0x80003294        0x0 c:/devkitpro/devkitppc/bin/../lib/gcc/powerpc-eabi/6.3.0/crtbegin.o
 .rela.text.GX_DisableBreakPt
                0x80003294        0x0 c:/devkitpro/devkitppc/bin/../lib/gcc/powerpc-eabi/6.3.0/crtbegin.o
 .rela.text.GX_AbortFrame
                0x80003294        0x0 c:/devkitpro/devkitppc/bin/../lib/gcc/powerpc-eabi/6.3.0/crtbegin.o
 .rela.text.GX_PixModeSync
                0x80003294        0x0 c:/devkitpro/devkitppc/bin/../lib/gcc/powerpc-eabi/6.3.0/crtbegin.o
 .rela.text.GX_SetMisc
                0x80003294        0x0 c:/devkitpro/devkitppc/bin/../lib/gcc/powerpc-eabi/6.3.0/crtbegin.o
 .rela.text.GX_SetCopyClamp
                0x80003294        0x0 c:/devkitpro/devkitppc/bin/../lib/gcc/powerpc-eabi/6.3.0/crtbegin.o
 .rela.text.GX_SetDispCopyGamma
                0x80003294        0x0 c:/devkitpro/devkitppc/bin/../lib/gcc/powerpc-eabi/6.3.0/crtbegin.o
 .rela.text.GX_SetDispCopyFrame2Field
                0x80003294        0x0 c:/devkitpro/devkitppc/bin/../lib/gcc/powerpc-eabi/6.3.0/crtbegin.o
 .rela.text.GX_SetDispCopyYScale
                0x80003294        0x0 c:/devkitpro/devkitppc/bin/../lib/gcc/powerpc-eabi/6.3.0/crtbegin.o
 .rela.text.GX_SetDispCopyDst
                0x80003294        0x0 c:/devkitpro/devkitppc/bin/../lib/gcc/powerpc-eabi/6.3.0/crtbegin.o
 .rela.text.GX_SetDispCopySrc
                0x80003294        0x0 c:/devkitpro/devkitppc/bin/../lib/gcc/powerpc-eabi/6.3.0/crtbegin.o
 .rela.text.GX_CopyDisp
                0x80003294        0x0 c:/devkitpro/devkitppc/bin/../lib/gcc/powerpc-eabi/6.3.0/crtbegin.o
 .rela.text.GX_CopyTex
                0x80003294        0x0 c:/devkitpro/devkitppc/bin/../lib/gcc/powerpc-eabi/6.3.0/crtbegin.o
 .rela.text.GX_SetTexCopySrc
                0x80003294        0x0 c:/devkitpro/devkitppc/bin/../lib/gcc/powerpc-eabi/6.3.0/crtbegin.o
 .rela.text.GX_SetTexCopyDst
                0x80003294        0x0 c:/devkitpro/devkitppc/bin/../lib/gcc/powerpc-eabi/6.3.0/crtbegin.o
 .rela.text.GX_BeginDispList
                0x80003294        0x0 c:/devkitpro/devkitppc/bin/../lib/gcc/powerpc-eabi/6.3.0/crtbegin.o
 .rela.text.GX_EndDispList
                0x80003294        0x0 c:/devkitpro/devkitppc/bin/../lib/gcc/powerpc-eabi/6.3.0/crtbegin.o
 .rela.text.GX_CallDispList
                0x80003294        0x0 c:/devkitpro/devkitppc/bin/../lib/gcc/powerpc-eabi/6.3.0/crtbegin.o
 .rela.text.GX_SetChanCtrl
                0x80003294        0x0 c:/devkitpro/devkitppc/bin/../lib/gcc/powerpc-eabi/6.3.0/crtbegin.o
 .rela.text.GX_SetChanAmbColor
                0x80003294        0x0 c:/devkitpro/devkitppc/bin/../lib/gcc/powerpc-eabi/6.3.0/crtbegin.o
 .rela.text.GX_SetChanMatColor
                0x80003294        0x0 c:/devkitpro/devkitppc/bin/../lib/gcc/powerpc-eabi/6.3.0/crtbegin.o
 .rela.text.GX_SetVtxDesc
                0x80003294        0x0 c:/devkitpro/devkitppc/bin/../lib/gcc/powerpc-eabi/6.3.0/crtbegin.o
 .rela.text.GX_SetVtxDescv
                0x80003294        0x0 c:/devkitpro/devkitppc/bin/../lib/gcc/powerpc-eabi/6.3.0/crtbegin.o
 .rela.text.GX_GetVtxDescv
                0x80003294        0x0 c:/devkitpro/devkitppc/bin/../lib/gcc/powerpc-eabi/6.3.0/crtbegin.o
 .rela.text.GX_SetVtxAttrFmt
                0x80003294        0x0 c:/devkitpro/devkitppc/bin/../lib/gcc/powerpc-eabi/6.3.0/crtbegin.o
 .rela.text.GX_SetVtxAttrFmtv
                0x80003294        0x0 c:/devkitpro/devkitppc/bin/../lib/gcc/powerpc-eabi/6.3.0/crtbegin.o
 .rela.text.GX_Begin
                0x80003294        0x0 c:/devkitpro/devkitppc/bin/../lib/gcc/powerpc-eabi/6.3.0/crtbegin.o
 .rela.text.GX_SetCurrentMtx
                0x80003294        0x0 c:/devkitpro/devkitppc/bin/../lib/gcc/powerpc-eabi/6.3.0/crtbegin.o
 .rela.text.GX_SetNumTexGens
                0x80003294        0x0 c:/devkitpro/devkitppc/bin/../lib/gcc/powerpc-eabi/6.3.0/crtbegin.o
 .rela.text.GX_SetZMode
                0x80003294        0x0 c:/devkitpro/devkitppc/bin/../lib/gcc/powerpc-eabi/6.3.0/crtbegin.o
 .rela.text.GX_LoadTexObjPreloaded
                0x80003294        0x0 c:/devkitpro/devkitppc/bin/../lib/gcc/powerpc-eabi/6.3.0/crtbegin.o
 .rela.text.GX_PreloadEntireTexture
                0x80003294        0x0 c:/devkitpro/devkitppc/bin/../lib/gcc/powerpc-eabi/6.3.0/crtbegin.o
 .rela.text.GX_InvalidateTexAll
                0x80003294        0x0 c:/devkitpro/devkitppc/bin/../lib/gcc/powerpc-eabi/6.3.0/crtbegin.o
 .rela.text.GX_InvalidateTexRegion
                0x80003294        0x0 c:/devkitpro/devkitppc/bin/../lib/gcc/powerpc-eabi/6.3.0/crtbegin.o
 .rela.text.GX_LoadTlut
                0x80003294        0x0 c:/devkitpro/devkitppc/bin/../lib/gcc/powerpc-eabi/6.3.0/crtbegin.o
 .rela.text.GX_SetTexCoordScaleManually
                0x80003294        0x0 c:/devkitpro/devkitppc/bin/../lib/gcc/powerpc-eabi/6.3.0/crtbegin.o
 .rela.text.GX_SetTexCoordCylWrap
                0x80003294        0x0 c:/devkitpro/devkitppc/bin/../lib/gcc/powerpc-eabi/6.3.0/crtbegin.o
 .rela.text.GX_SetTexCoordBias
                0x80003294        0x0 c:/devkitpro/devkitppc/bin/../lib/gcc/powerpc-eabi/6.3.0/crtbegin.o
 .rela.text.GX_SetBlendMode
                0x80003294        0x0 c:/devkitpro/devkitppc/bin/../lib/gcc/powerpc-eabi/6.3.0/crtbegin.o
 .rela.text.GX_ClearVtxDesc
                0x80003294        0x0 c:/devkitpro/devkitppc/bin/../lib/gcc/powerpc-eabi/6.3.0/crtbegin.o
 .rela.text.GX_SetLineWidth
                0x80003294        0x0 c:/devkitpro/devkitppc/bin/../lib/gcc/powerpc-eabi/6.3.0/crtbegin.o
 .rela.text.GX_SetPointSize
                0x80003294        0x0 c:/devkitpro/devkitppc/bin/../lib/gcc/powerpc-eabi/6.3.0/crtbegin.o
 .rela.text.GX_SetTevColorIn
                0x80003294        0x0 c:/devkitpro/devkitppc/bin/../lib/gcc/powerpc-eabi/6.3.0/crtbegin.o
 .rela.text.GX_SetTevAlphaIn
                0x80003294        0x0 c:/devkitpro/devkitppc/bin/../lib/gcc/powerpc-eabi/6.3.0/crtbegin.o
 .rela.text.GX_SetTevColorOp
                0x80003294        0x0 c:/devkitpro/devkitppc/bin/../lib/gcc/powerpc-eabi/6.3.0/crtbegin.o
 .rela.text.GX_SetTevAlphaOp
                0x80003294        0x0 c:/devkitpro/devkitppc/bin/../lib/gcc/powerpc-eabi/6.3.0/crtbegin.o
 .rela.text.GX_SetTevOp
                0x80003294        0x0 c:/devkitpro/devkitppc/bin/../lib/gcc/powerpc-eabi/6.3.0/crtbegin.o
 .rela.text.GX_SetCullMode
                0x80003294        0x0 c:/devkitpro/devkitppc/bin/../lib/gcc/powerpc-eabi/6.3.0/crtbegin.o
 .rela.text.GX_SetCoPlanar
                0x80003294        0x0 c:/devkitpro/devkitppc/bin/../lib/gcc/powerpc-eabi/6.3.0/crtbegin.o
 .rela.text.GX_EnableTexOffsets
                0x80003294        0x0 c:/devkitpro/devkitppc/bin/../lib/gcc/powerpc-eabi/6.3.0/crtbegin.o
 .rela.text.GX_SetScissor
                0x80003294        0x0 c:/devkitpro/devkitppc/bin/../lib/gcc/powerpc-eabi/6.3.0/crtbegin.o
 .rela.text.GX_SetNumChans
                0x80003294        0x0 c:/devkitpro/devkitppc/bin/../lib/gcc/powerpc-eabi/6.3.0/crtbegin.o
 .rela.text.GX_SetTevOrder
                0x80003294        0x0 c:/devkitpro/devkitppc/bin/../lib/gcc/powerpc-eabi/6.3.0/crtbegin.o
 .rela.text.GX_SetNumTevStages
                0x80003294        0x0 c:/devkitpro/devkitppc/bin/../lib/gcc/powerpc-eabi/6.3.0/crtbegin.o
 .rela.text.GX_SetTevKColorSel
                0x80003294        0x0 c:/devkitpro/devkitppc/bin/../lib/gcc/powerpc-eabi/6.3.0/crtbegin.o
 .rela.text.GX_SetTevKAlphaSel
                0x80003294        0x0 c:/devkitpro/devkitppc/bin/../lib/gcc/powerpc-eabi/6.3.0/crtbegin.o
 .rela.text.GX_SetTevSwapMode
                0x80003294        0x0 c:/devkitpro/devkitppc/bin/../lib/gcc/powerpc-eabi/6.3.0/crtbegin.o
 .rela.text.GX_SetTevSwapModeTable
                0x80003294        0x0 c:/devkitpro/devkitppc/bin/../lib/gcc/powerpc-eabi/6.3.0/crtbegin.o
 .rela.text.GX_SetNumIndStages
                0x80003294        0x0 c:/devkitpro/devkitppc/bin/../lib/gcc/powerpc-eabi/6.3.0/crtbegin.o
 .rela.text.GX_SetIndTexCoordScale
                0x80003294        0x0 c:/devkitpro/devkitppc/bin/../lib/gcc/powerpc-eabi/6.3.0/crtbegin.o
 .rela.text.GX_SetColorUpdate
                0x80003294        0x0 c:/devkitpro/devkitppc/bin/../lib/gcc/powerpc-eabi/6.3.0/crtbegin.o
 .rela.text.GX_SetAlphaUpdate
                0x80003294        0x0 c:/devkitpro/devkitppc/bin/../lib/gcc/powerpc-eabi/6.3.0/crtbegin.o
 .rela.text.GX_SetZCompLoc
                0x80003294        0x0 c:/devkitpro/devkitppc/bin/../lib/gcc/powerpc-eabi/6.3.0/crtbegin.o
 .rela.text.GX_SetPixelFmt
                0x80003294        0x0 c:/devkitpro/devkitppc/bin/../lib/gcc/powerpc-eabi/6.3.0/crtbegin.o
 .rela.text.GX_SetDither
                0x80003294        0x0 c:/devkitpro/devkitppc/bin/../lib/gcc/powerpc-eabi/6.3.0/crtbegin.o
 .rela.text.GX_SetDstAlpha
                0x80003294        0x0 c:/devkitpro/devkitppc/bin/../lib/gcc/powerpc-eabi/6.3.0/crtbegin.o
 .rela.text.GX_SetFieldMode
                0x80003294        0x0 c:/devkitpro/devkitppc/bin/../lib/gcc/powerpc-eabi/6.3.0/crtbegin.o
 .rela.text.GX_SetIndTexOrder
                0x80003294        0x0 c:/devkitpro/devkitppc/bin/../lib/gcc/powerpc-eabi/6.3.0/crtbegin.o
 .rela.text.GX_SetGPMetric
                0x80003294        0x0 c:/devkitpro/devkitppc/bin/../lib/gcc/powerpc-eabi/6.3.0/crtbegin.o
 .rela.text.GX_Init
                0x80003294        0x0 c:/devkitpro/devkitppc/bin/../lib/gcc/powerpc-eabi/6.3.0/crtbegin.o
 .rela.text.GX_ReadGPMetric
                0x80003294        0x0 c:/devkitpro/devkitppc/bin/../lib/gcc/powerpc-eabi/6.3.0/crtbegin.o
 .rela.text.c_decrementer_handler
                0x80003294        0x0 c:/devkitpro/devkitppc/bin/../lib/gcc/powerpc-eabi/6.3.0/crtbegin.o
 .rela.text.__lwp_mqbox_init
                0x80003294        0x0 c:/devkitpro/devkitppc/bin/../lib/gcc/powerpc-eabi/6.3.0/crtbegin.o
 .rela.text.MQ_Init
                0x80003294        0x0 c:/devkitpro/devkitppc/bin/../lib/gcc/powerpc-eabi/6.3.0/crtbegin.o
 .rela.text.MQ_Close
                0x80003294        0x0 c:/devkitpro/devkitppc/bin/../lib/gcc/powerpc-eabi/6.3.0/crtbegin.o
 .rela.text.MQ_Send
                0x80003294        0x0 c:/devkitpro/devkitppc/bin/../lib/gcc/powerpc-eabi/6.3.0/crtbegin.o
 .rela.text.MQ_Receive
                0x80003294        0x0 c:/devkitpro/devkitppc/bin/../lib/gcc/powerpc-eabi/6.3.0/crtbegin.o
 .rela.text.MQ_Jam
                0x80003294        0x0 c:/devkitpro/devkitppc/bin/../lib/gcc/powerpc-eabi/6.3.0/crtbegin.o
 .rela.text.nanosleep
                0x80003294        0x0 c:/devkitpro/devkitppc/bin/../lib/gcc/powerpc-eabi/6.3.0/crtbegin.o
 .rela.text.__libc_delete_hook
                0x80003294        0x0 c:/devkitpro/devkitppc/bin/../lib/gcc/powerpc-eabi/6.3.0/crtbegin.o
 .rela.text.__libc_init
                0x80003294        0x0 c:/devkitpro/devkitppc/bin/../lib/gcc/powerpc-eabi/6.3.0/crtbegin.o
 .rela.text.__CheckARGV
                0x80003294        0x0 c:/devkitpro/devkitppc/bin/../lib/gcc/powerpc-eabi/6.3.0/crtbegin.o
 .rela.text.__lwp_priority_init
                0x80003294        0x0 c:/devkitpro/devkitppc/bin/../lib/gcc/powerpc-eabi/6.3.0/crtbegin.o
 .rela.text.__lwp_threadqueue_enqueuefifo
                0x80003294        0x0 c:/devkitpro/devkitppc/bin/../lib/gcc/powerpc-eabi/6.3.0/crtbegin.o
 .rela.text.__lwp_threadqueue_dequeuefifo
                0x80003294        0x0 c:/devkitpro/devkitppc/bin/../lib/gcc/powerpc-eabi/6.3.0/crtbegin.o
 .rela.text.__lwp_threadqueue_enqueuepriority
                0x80003294        0x0 c:/devkitpro/devkitppc/bin/../lib/gcc/powerpc-eabi/6.3.0/crtbegin.o
 .rela.text.__lwp_threadqueue_dequeuepriority
                0x80003294        0x0 c:/devkitpro/devkitppc/bin/../lib/gcc/powerpc-eabi/6.3.0/crtbegin.o
 .rela.text.__lwp_threadqueue_enqueue
                0x80003294        0x0 c:/devkitpro/devkitppc/bin/../lib/gcc/powerpc-eabi/6.3.0/crtbegin.o
 .rela.text.__lwp_threadqueue_extractfifo
                0x80003294        0x0 c:/devkitpro/devkitppc/bin/../lib/gcc/powerpc-eabi/6.3.0/crtbegin.o
 .rela.text.__lwp_threadqueue_extractpriority
                0x80003294        0x0 c:/devkitpro/devkitppc/bin/../lib/gcc/powerpc-eabi/6.3.0/crtbegin.o
 .rela.text.__lwp_rotate_readyqueue
                0x80003294        0x0 c:/devkitpro/devkitppc/bin/../lib/gcc/powerpc-eabi/6.3.0/crtbegin.o
 .rela.text.__lwp_thread_tickle_timeslice
                0x80003294        0x0 c:/devkitpro/devkitppc/bin/../lib/gcc/powerpc-eabi/6.3.0/crtbegin.o
 .rela.text.__lwp_thread_setstate
                0x80003294        0x0 c:/devkitpro/devkitppc/bin/../lib/gcc/powerpc-eabi/6.3.0/crtbegin.o
 .rela.text.__lwp_thread_setpriority
                0x80003294        0x0 c:/devkitpro/devkitppc/bin/../lib/gcc/powerpc-eabi/6.3.0/crtbegin.o
 .rela.text.__lwp_thread_suspend
                0x80003294        0x0 c:/devkitpro/devkitppc/bin/../lib/gcc/powerpc-eabi/6.3.0/crtbegin.o
 .rela.text.__lwp_thread_changepriority
                0x80003294        0x0 c:/devkitpro/devkitppc/bin/../lib/gcc/powerpc-eabi/6.3.0/crtbegin.o
 .rela.text.__lwp_thread_ready
                0x80003294        0x0 c:/devkitpro/devkitppc/bin/../lib/gcc/powerpc-eabi/6.3.0/crtbegin.o
 .rela.text.__lwp_thread_init
                0x80003294        0x0 c:/devkitpro/devkitppc/bin/../lib/gcc/powerpc-eabi/6.3.0/crtbegin.o
 .rela.text.__lwp_thread_close
                0x80003294        0x0 c:/devkitpro/devkitppc/bin/../lib/gcc/powerpc-eabi/6.3.0/crtbegin.o
 .rela.text.__lwp_thread_closeall
                0x80003294        0x0 c:/devkitpro/devkitppc/bin/../lib/gcc/powerpc-eabi/6.3.0/crtbegin.o
 .rela.text.__lwp_thread_startmultitasking
                0x80003294        0x0 c:/devkitpro/devkitppc/bin/../lib/gcc/powerpc-eabi/6.3.0/crtbegin.o
 .rela.text.__lwp_thread_stopmultitasking
                0x80003294        0x0 c:/devkitpro/devkitppc/bin/../lib/gcc/powerpc-eabi/6.3.0/crtbegin.o
 .rela.text.__lwp_thread_coreinit
                0x80003294        0x0 c:/devkitpro/devkitppc/bin/../lib/gcc/powerpc-eabi/6.3.0/crtbegin.o
 .rela.text.__lwpmq_initialize
                0x80003294        0x0 c:/devkitpro/devkitppc/bin/../lib/gcc/powerpc-eabi/6.3.0/crtbegin.o
 .rela.text.__lwpmq_close
                0x80003294        0x0 c:/devkitpro/devkitppc/bin/../lib/gcc/powerpc-eabi/6.3.0/crtbegin.o
 .rela.text.__lwp_sysinit
                0x80003294        0x0 c:/devkitpro/devkitppc/bin/../lib/gcc/powerpc-eabi/6.3.0/crtbegin.o
 .rela.text.__lwp_thread_isalive
                0x80003294        0x0 c:/devkitpro/devkitppc/bin/../lib/gcc/powerpc-eabi/6.3.0/crtbegin.o
 .rela.text.__lwp_thread_exists
                0x80003294        0x0 c:/devkitpro/devkitppc/bin/../lib/gcc/powerpc-eabi/6.3.0/crtbegin.o
 .rela.text.__lwp_thread_context
                0x80003294        0x0 c:/devkitpro/devkitppc/bin/../lib/gcc/powerpc-eabi/6.3.0/crtbegin.o
 .rela.text.LWP_CreateThread
                0x80003294        0x0 c:/devkitpro/devkitppc/bin/../lib/gcc/powerpc-eabi/6.3.0/crtbegin.o
 .rela.text.LWP_SuspendThread
                0x80003294        0x0 c:/devkitpro/devkitppc/bin/../lib/gcc/powerpc-eabi/6.3.0/crtbegin.o
 .rela.text.LWP_ResumeThread
                0x80003294        0x0 c:/devkitpro/devkitppc/bin/../lib/gcc/powerpc-eabi/6.3.0/crtbegin.o
 .rela.text.LWP_SetThreadPriority
                0x80003294        0x0 c:/devkitpro/devkitppc/bin/../lib/gcc/powerpc-eabi/6.3.0/crtbegin.o
 .rela.text.LWP_ThreadIsSuspended
                0x80003294        0x0 c:/devkitpro/devkitppc/bin/../lib/gcc/powerpc-eabi/6.3.0/crtbegin.o
 .rela.text.LWP_JoinThread
                0x80003294        0x0 c:/devkitpro/devkitppc/bin/../lib/gcc/powerpc-eabi/6.3.0/crtbegin.o
 .rela.text.LWP_InitQueue
                0x80003294        0x0 c:/devkitpro/devkitppc/bin/../lib/gcc/powerpc-eabi/6.3.0/crtbegin.o
 .rela.text.LWP_CloseQueue
                0x80003294        0x0 c:/devkitpro/devkitppc/bin/../lib/gcc/powerpc-eabi/6.3.0/crtbegin.o
 .rela.text.LWP_ThreadSleep
                0x80003294        0x0 c:/devkitpro/devkitppc/bin/../lib/gcc/powerpc-eabi/6.3.0/crtbegin.o
 .rela.text.LWP_ThreadBroadcast
                0x80003294        0x0 c:/devkitpro/devkitppc/bin/../lib/gcc/powerpc-eabi/6.3.0/crtbegin.o
 .rela.text.LWP_ThreadSignal
                0x80003294        0x0 c:/devkitpro/devkitppc/bin/../lib/gcc/powerpc-eabi/6.3.0/crtbegin.o
 .rela.text.__lwp_stack_allocate
                0x80003294        0x0 c:/devkitpro/devkitppc/bin/../lib/gcc/powerpc-eabi/6.3.0/crtbegin.o
 .rela.text.__lwp_stack_free
                0x80003294        0x0 c:/devkitpro/devkitppc/bin/../lib/gcc/powerpc-eabi/6.3.0/crtbegin.o
 .rela.text.__lwp_watchdog_init
                0x80003294        0x0 c:/devkitpro/devkitppc/bin/../lib/gcc/powerpc-eabi/6.3.0/crtbegin.o
 .rela.text.__lwp_wd_tickle
                0x80003294        0x0 c:/devkitpro/devkitppc/bin/../lib/gcc/powerpc-eabi/6.3.0/crtbegin.o
 .rela.text.__lwp_wkspace_heapfree
                0x80003294        0x0 c:/devkitpro/devkitppc/bin/../lib/gcc/powerpc-eabi/6.3.0/crtbegin.o
 .rela.text.__lwp_wkspace_heapused
                0x80003294        0x0 c:/devkitpro/devkitppc/bin/../lib/gcc/powerpc-eabi/6.3.0/crtbegin.o
 .rela.text.__lwp_wkspace_init
                0x80003294        0x0 c:/devkitpro/devkitppc/bin/../lib/gcc/powerpc-eabi/6.3.0/crtbegin.o
 .rela.text.__lwp_objmgr_initinfo
                0x80003294        0x0 c:/devkitpro/devkitppc/bin/../lib/gcc/powerpc-eabi/6.3.0/crtbegin.o
 .rela.text.__systemcall_init
                0x80003294        0x0 c:/devkitpro/devkitppc/bin/../lib/gcc/powerpc-eabi/6.3.0/crtbegin.o
 .rela.text.__exception_init
                0x80003294        0x0 c:/devkitpro/devkitppc/bin/../lib/gcc/powerpc-eabi/6.3.0/crtbegin.o
 .rela.text.__exception_close
                0x80003294        0x0 c:/devkitpro/devkitppc/bin/../lib/gcc/powerpc-eabi/6.3.0/crtbegin.o
 .rela.text.__exception_sethandler
                0x80003294        0x0 c:/devkitpro/devkitppc/bin/../lib/gcc/powerpc-eabi/6.3.0/crtbegin.o
 .rela.text.__irq_init
                0x80003294        0x0 c:/devkitpro/devkitppc/bin/../lib/gcc/powerpc-eabi/6.3.0/crtbegin.o
 .rela.text     0x80003294        0x0 c:/devkitpro/devkitppc/bin/../lib/gcc/powerpc-eabi/6.3.0/crtbegin.o
 .rela.text.__lwp_sema_init
                0x80003294        0x0 c:/devkitpro/devkitppc/bin/../lib/gcc/powerpc-eabi/6.3.0/crtbegin.o
 .rela.text.LWP_SemInit
                0x80003294        0x0 c:/devkitpro/devkitppc/bin/../lib/gcc/powerpc-eabi/6.3.0/crtbegin.o
 .rela.text.LWP_SemWait
                0x80003294        0x0 c:/devkitpro/devkitppc/bin/../lib/gcc/powerpc-eabi/6.3.0/crtbegin.o
 .rela.text.LWP_SemPost
                0x80003294        0x0 c:/devkitpro/devkitppc/bin/../lib/gcc/powerpc-eabi/6.3.0/crtbegin.o
 .rela.text.LWP_SemDestroy
                0x80003294        0x0 c:/devkitpro/devkitppc/bin/../lib/gcc/powerpc-eabi/6.3.0/crtbegin.o
 .rela.text.__lwp_mutex_locksupp.constprop.8
                0x80003294        0x0 c:/devkitpro/devkitppc/bin/../lib/gcc/powerpc-eabi/6.3.0/crtbegin.o
 .rela.text.__lwp_mutex_init
                0x80003294        0x0 c:/devkitpro/devkitppc/bin/../lib/gcc/powerpc-eabi/6.3.0/crtbegin.o
 .rela.text.LWP_MutexInit
                0x80003294        0x0 c:/devkitpro/devkitppc/bin/../lib/gcc/powerpc-eabi/6.3.0/crtbegin.o
 .rela.text.LWP_MutexDestroy
                0x80003294        0x0 c:/devkitpro/devkitppc/bin/../lib/gcc/powerpc-eabi/6.3.0/crtbegin.o
 .rela.text.LWP_MutexUnlock
                0x80003294        0x0 c:/devkitpro/devkitppc/bin/../lib/gcc/powerpc-eabi/6.3.0/crtbegin.o
 .rela.text.kprintf
                0x80003294        0x0 c:/devkitpro/devkitppc/bin/../lib/gcc/powerpc-eabi/6.3.0/crtbegin.o
 .rela.text.__console_init
                0x80003294        0x0 c:/devkitpro/devkitppc/bin/../lib/gcc/powerpc-eabi/6.3.0/crtbegin.o
 .rela.text.__console_init_ex
                0x80003294        0x0 c:/devkitpro/devkitppc/bin/../lib/gcc/powerpc-eabi/6.3.0/crtbegin.o
 .rela.text.CON_EnableGecko
                0x80003294        0x0 c:/devkitpro/devkitppc/bin/../lib/gcc/powerpc-eabi/6.3.0/crtbegin.o
 .rela.text.sinef
                0x80003294        0x0 c:/devkitpro/devkitppc/bin/../lib/gcc/powerpc-eabi/6.3.0/crtbegin.o
 .rela.text.sqrtf
                0x80003294        0x0 c:/devkitpro/devkitppc/bin/../lib/gcc/powerpc-eabi/6.3.0/crtbegin.o
 .rela.text.tanf
                0x80003294        0x0 c:/devkitpro/devkitppc/bin/../lib/gcc/powerpc-eabi/6.3.0/crtbegin.o
 .rela.text._exit
                0x80003294        0x0 c:/devkitpro/devkitppc/bin/../lib/gcc/powerpc-eabi/6.3.0/crtbegin.o
 .rela.text.calloc
                0x80003294        0x0 c:/devkitpro/devkitppc/bin/../lib/gcc/powerpc-eabi/6.3.0/crtbegin.o
 .rela.text.__errno
                0x80003294        0x0 c:/devkitpro/devkitppc/bin/../lib/gcc/powerpc-eabi/6.3.0/crtbegin.o
 .rela.text.exit
                0x80003294        0x0 c:/devkitpro/devkitppc/bin/../lib/gcc/powerpc-eabi/6.3.0/crtbegin.o
 .rela.text.fclose
                0x80003294        0x0 c:/devkitpro/devkitppc/bin/../lib/gcc/powerpc-eabi/6.3.0/crtbegin.o
 .rela.text.fflush
                0x80003294        0x0 c:/devkitpro/devkitppc/bin/../lib/gcc/powerpc-eabi/6.3.0/crtbegin.o
 .rela.text.fgets
                0x80003294        0x0 c:/devkitpro/devkitppc/bin/../lib/gcc/powerpc-eabi/6.3.0/crtbegin.o
 .rela.text.std.isra.0
                0x80003294        0x0 c:/devkitpro/devkitppc/bin/../lib/gcc/powerpc-eabi/6.3.0/crtbegin.o
 .rela.text._cleanup
                0x80003294        0x0 c:/devkitpro/devkitppc/bin/../lib/gcc/powerpc-eabi/6.3.0/crtbegin.o
 .rela.text.__sfp
                0x80003294        0x0 c:/devkitpro/devkitppc/bin/../lib/gcc/powerpc-eabi/6.3.0/crtbegin.o
 .rela.text.__fp_lock_all
                0x80003294        0x0 c:/devkitpro/devkitppc/bin/../lib/gcc/powerpc-eabi/6.3.0/crtbegin.o
 .rela.text.__fp_unlock_all
                0x80003294        0x0 c:/devkitpro/devkitppc/bin/../lib/gcc/powerpc-eabi/6.3.0/crtbegin.o
 .rela.text.fmemopen
                0x80003294        0x0 c:/devkitpro/devkitppc/bin/../lib/gcc/powerpc-eabi/6.3.0/crtbegin.o
 .rela.text._fopen_r
                0x80003294        0x0 c:/devkitpro/devkitppc/bin/../lib/gcc/powerpc-eabi/6.3.0/crtbegin.o
 .rela.text.fopen
                0x80003294        0x0 c:/devkitpro/devkitppc/bin/../lib/gcc/powerpc-eabi/6.3.0/crtbegin.o
 .rela.text.fread
                0x80003294        0x0 c:/devkitpro/devkitppc/bin/../lib/gcc/powerpc-eabi/6.3.0/crtbegin.o
 .rela.text._malloc_trim_r
                0x80003294        0x0 c:/devkitpro/devkitppc/bin/../lib/gcc/powerpc-eabi/6.3.0/crtbegin.o
 .rela.text._free_r
                0x80003294        0x0 c:/devkitpro/devkitppc/bin/../lib/gcc/powerpc-eabi/6.3.0/crtbegin.o
 .rela.text.fseek
                0x80003294        0x0 c:/devkitpro/devkitppc/bin/../lib/gcc/powerpc-eabi/6.3.0/crtbegin.o
 .rela.text._fseeko_r
                0x80003294        0x0 c:/devkitpro/devkitppc/bin/../lib/gcc/powerpc-eabi/6.3.0/crtbegin.o
 .rela.text.fseeko
                0x80003294        0x0 c:/devkitpro/devkitppc/bin/../lib/gcc/powerpc-eabi/6.3.0/crtbegin.o
 .rela.text.__loadlocale
                0x80003294        0x0 c:/devkitpro/devkitppc/bin/../lib/gcc/powerpc-eabi/6.3.0/crtbegin.o
 .rela.text.sscanf
                0x80003294        0x0 c:/devkitpro/devkitppc/bin/../lib/gcc/powerpc-eabi/6.3.0/crtbegin.o
 .rela.text._sscanf_r
                0x80003294        0x0 c:/devkitpro/devkitppc/bin/../lib/gcc/powerpc-eabi/6.3.0/crtbegin.o
 .rela.text.__ssvfscanf_r
                0x80003294        0x0 c:/devkitpro/devkitppc/bin/../lib/gcc/powerpc-eabi/6.3.0/crtbegin.o
 .rela.text._dtoa_r
                0x80003294        0x0 c:/devkitpro/devkitppc/bin/../lib/gcc/powerpc-eabi/6.3.0/crtbegin.o
 .rela.text._findenv_r
                0x80003294        0x0 c:/devkitpro/devkitppc/bin/../lib/gcc/powerpc-eabi/6.3.0/crtbegin.o

.rel.fini
 *(.rel.fini)

.rela.fini
 *(.rela.fini)

.rel.rodata
 *(.rel.rodata .rel.rodata.* .rel.gnu.linkonce.r.*)

.rela.rodata    0x80003294        0x0
 *(.rela.rodata .rela.rodata.* .rela.gnu.linkonce.r.*)
 .rela.rodata.__C_locale
                0x80003294        0x0 c:/devkitpro/devkitppc/bin/../lib/gcc/powerpc-eabi/6.3.0/crtbegin.o

.rel.data
 *(.rel.data .rel.data.* .rel.gnu.linkonce.d.*)

.rela.data      0x80003294        0x0
 *(.rela.data .rela.data.* .rela.gnu.linkonce.d.*)
 .rela.data.__global_locale
                0x80003294        0x0 c:/devkitpro/devkitppc/bin/../lib/gcc/powerpc-eabi/6.3.0/crtbegin.o

.rel.tdata
 *(.rel.tdata .rel.tdata.* .rel.gnu.linkonce.td.*)

.rela.tdata
 *(.rela.tdata .rela.tdata.* .rela.gnu.linkonce.td.*)

.rel.tbss
 *(.rel.tbss .rel.tbss.* .rel.gnu.linkonce.tb.*)

.rela.tbss
 *(.rela.tbss .rela.tbss.* .rela.gnu.linkonce.tb.*)

.rel.ctors
 *(.rel.ctors)

.rela.ctors
 *(.rela.ctors)

.rel.dtors
 *(.rel.dtors)

.rela.dtors
 *(.rela.dtors)

.rel.got
 *(.rel.got)

.rela.got
 *(.rela.got)

.rela.got1
 *(.rela.got1)

.rela.got2      0x80003294        0x0
 *(.rela.got2)
 .rela.got2     0x80003294        0x0 c:/devkitpro/devkitppc/bin/../lib/gcc/powerpc-eabi/6.3.0/crtbegin.o

.rel.sdata
 *(.rel.sdata .rel.sdata.* .rel.gnu.linkonce.s.*)

.rela.sdata
 *(.rela.sdata .rela.sdata.* .rela.gnu.linkonce.s.*)

.rel.sbss
 *(.rel.sbss .rel.sbss.* .rel.gnu.linkonce.sb.*)

.rela.sbss
 *(.rela.sbss .rela.sbss.* .rel.gnu.linkonce.sb.*)

.rel.sdata2
 *(.rel.sdata2 .rel.sdata2.* .rel.gnu.linkonce.s2.*)

.rela.sdata2    0x80003294        0x0
 *(.rela.sdata2 .rela.sdata2.* .rela.gnu.linkonce.s2.*)
 .rela.sdata2.__sys_inIPL
                0x80003294        0x0 c:/devkitpro/devkitppc/bin/../lib/gcc/powerpc-eabi/6.3.0/crtbegin.o

.rel.sbss2
 *(.rel.sbss2 .rel.sbss2.* .rel.gnu.linkonce.sb2.*)

.rela.sbss2
 *(.rela.sbss2 .rela.sbss2.* .rela.gnu.linkonce.sb2.*)

.rel.bss
 *(.rel.bss .rel.bss.* .rel.gnu.linkonce.b.*)

.rela.bss
 *(.rela.bss .rela.bss.* .rela.gnu.linkonce.b.*)

.rel.plt
 *(.rel.plt)

.rela.plt
 *(.rela.plt)

.text           0x800032a0    0x276c0
 *(.text)
 .text          0x800032a0      0x434 C:/devkitPro/libogc/lib/cube\libogc.a(system_asm.o)
                0x800032a0                __realmode
                0x800032b8                __configBATS
                0x8000338c                __InitFPRS
                0x800034b8                __InitPS
                0x80003514                __InitCache
                0x8000356c                __InitSystem
                0x800035e4                __flush_cache
                0x80003618                __reset
                0x80003688                __InitBATS
                0x800036a4                SYS_SwitchFiber
 .text          0x800036d4      0x8dc C:/devkitPro/libogc/lib/cube\libogc.a(gu_psasm.o)
                0x800036d4                ps_guMtxConcat
                0x80003798                ps_guMtxIdentity
                0x800037c4                ps_guMtxCopy
                0x800037f8                ps_guMtxTranspose
                0x80003848                ps_guMtxInverse
                0x80003940                ps_guMtxInvXpose
                0x80003a08                ps_guMtxScale
                0x80003a30                ps_guMtxScaleApply
                0x80003a88                ps_guMtxApplyScale
                0x80003aec                ps_guMtxTrans
                0x80003b20                ps_guMtxTransApply
                0x80003b6c                ps_guMtxApplyTrans
                0x80003be8                ps_guMtxRotTrig
                0x80003c98                __ps_guMtxRotAxisRadInternal
                0x80003d58                ps_guMtxReflect
                0x80003dc8                ps_guVecAdd
                0x80003dec                ps_guVecSub
                0x80003e10                ps_guVecScale
                0x80003e2c                ps_guVecNormalize
                0x80003e70                ps_guVecCross
                0x80003eac                ps_guVecDotProduct
                0x80003ecc                ps_guVecMultiply
                0x80003f20                ps_guVecMultiplySR
                0x80003f90                ps_guQuatDotProduct
 *fill*         0x80003fb0       0x10 00000000
 .text          0x80003fc0      0x44c C:/devkitPro/libogc/lib/cube\libogc.a(lwp_handler.o)
                0x80003fc0                _cpu_context_save_fp
                0x80004100                _cpu_context_restore_fp
                0x80004240                _cpu_context_switch
                0x80004320                _cpu_context_save
                0x800043a0                _cpu_context_restore
 .text          0x8000440c      0x1ac C:/devkitPro/libogc/lib/cube\libogc.a(irq_handler.o)
                0x8000440c                irq_exceptionhandler
 .text          0x800045b8      0x4f4 C:/devkitPro/libogc/lib/cube\libogc.a(cache_asm.o)
                0x800045b8                DCFlashInvalidate
                0x800045cc                DCEnable
                0x800045e0                DCDisable
                0x800045f4                DCFreeze
                0x80004608                DCUnfreeze
                0x8000461c                DCTouchLoad
                0x80004624                DCBlockZero
                0x8000462c                DCBlockStore
                0x80004634                DCBlockFlush
                0x8000463c                DCBlockInvalidate
                0x80004644                DCInvalidateRange
                0x80004674                DCFlushRange
                0x800046a8                DCStoreRange
                0x800046dc                DCFlushRangeNoSync
                0x8000470c                DCStoreRangeNoSync
                0x8000473c                DCZeroRange
                0x8000476c                DCTouchRange
                0x8000479c                ICInvalidateRange
                0x800047d4                ICFlashInvalidate
                0x800047e8                ICEnable
                0x800047fc                ICDisable
                0x80004810                ICFreeze
                0x80004824                ICUnfreeze
                0x80004838                ICBlockInvalidate
                0x80004840                ICSync
                0x80004848                L2Init
                0x80004890                L2Enable
                0x800048ac                L2Disable
                0x800048c4                L2GlobalInvalidate
                0x8000491c                __LCEnable
                0x800049e8                LCDisable
                0x80004a10                LCAllocOneTag
                0x80004a24                LCAllocTags
                0x80004a64                LCLoadBlocks
                0x80004a88                LCStoreBlocks
 .text          0x80004aac      0x1ac C:/devkitPro/libogc/lib/cube\libogc.a(decrementer_handler.o)
                0x80004aac                dec_exceptionhandler
 .text          0x80004c58      0x35c C:/devkitPro/libogc/lib/cube\libogc.a(exception_handler.o)
                0x80004c58                exceptionhandler_start
                0x80004cd4                exceptionhandler_patch
                0x80004d08                exceptionhandler_end
                0x80004d0c                default_exceptionhandler
                0x80004e3c                fpu_exceptionhandler
                0x80004f84                systemcallhandler_start
                0x80004fb0                systemcallhandler_end
 .text          0x80004fb4       0x48 c:/devkitpro/devkitppc/bin/../lib/gcc/powerpc-eabi/6.3.0\libgcc.a(eabi.o)
                0x80004fb4                __eabi
 *(.text.*)
 .text.deregister_tm_clones
                0x80004ffc       0x38 c:/devkitpro/devkitppc/bin/../lib/gcc/powerpc-eabi/6.3.0/crtbegin.o
 .text.register_tm_clones
                0x80005034       0x3c c:/devkitpro/devkitppc/bin/../lib/gcc/powerpc-eabi/6.3.0/crtbegin.o
 .text.__do_global_dtors_aux
                0x80005070       0xd4 c:/devkitpro/devkitppc/bin/../lib/gcc/powerpc-eabi/6.3.0/crtbegin.o
 .text.frame_dummy
                0x80005144       0x74 c:/devkitpro/devkitppc/bin/../lib/gcc/powerpc-eabi/6.3.0/crtbegin.o
 .text.__crtmain
                0x800051b8       0x44 c:/devkitpro/devkitppc/bin/../lib/gcc/powerpc-eabi/6.3.0/../../../../powerpc-eabi/lib/crtmain.o
                0x800051bc                __crtmain
 .text.genmodel
                0x800051fc      0x360 OBJ3D_Loader.o
                0x800051fc                genmodel
 .text.init_engine
                0x8000555c      0x42c GCUBE3DEngine.o
                0x8000555c                init_engine
 .text.preprender
                0x80005988      0x33c GCUBE3DEngine.o
                0x80005988                preprender
 .text.endrender
                0x80005cc4       0x84 GCUBE3DEngine.o
                0x80005cc4                endrender
 .text.render_model
                0x80005d48       0xc0 GCUBE3DEngine.o
                0x80005d48                render_model
 .text.render_enviroment
                0x80005e08       0xc0 GCUBE3DEngine.o
                0x80005e08                render_enviroment
 .text.startup.main
                0x80005ec8      0x164 main.o
                0x80005ec8                main
 .text.lighting
                0x8000602c       0xe0 GCRender.o
                0x8000602c                lighting
 .text.render_shape
                0x8000610c      0x298 GCRender.o
                0x8000610c                render_shape
 .text.render_shape_cull
                0x800063a4      0x2a8 GCRender.o
                0x800063a4                render_shape_cull
 .text.__VIRetraceHandler
                0x8000664c      0x228 C:/devkitPro/libogc/lib/cube\libogc.a(video.o)
 .text.VIDEO_Init
                0x80006874      0x3f8 C:/devkitPro/libogc/lib/cube\libogc.a(video.o)
                0x80006874                VIDEO_Init
 .text.VIDEO_Configure
                0x80006c6c      0x7d8 C:/devkitPro/libogc/lib/cube\libogc.a(video.o)
                0x80006c6c                VIDEO_Configure
 .text.VIDEO_WaitVSync
                0x80007444       0x7c C:/devkitPro/libogc/lib/cube\libogc.a(video.o)
                0x80007444                VIDEO_WaitVSync
 .text.VIDEO_SetFramebuffer
                0x800074c0      0x228 C:/devkitPro/libogc/lib/cube\libogc.a(video.o)
                0x800074c0                VIDEO_SetFramebuffer
 .text.VIDEO_SetNextFramebuffer
                0x800076e8      0x1d4 C:/devkitPro/libogc/lib/cube\libogc.a(video.o)
                0x800076e8                VIDEO_SetNextFramebuffer
 .text.VIDEO_Flush
                0x800078bc      0x110 C:/devkitPro/libogc/lib/cube\libogc.a(video.o)
                0x800078bc                VIDEO_Flush
 .text.VIDEO_SetBlack
                0x800079cc      0x160 C:/devkitPro/libogc/lib/cube\libogc.a(video.o)
                0x800079cc                VIDEO_SetBlack
 .text.VIDEO_GetCurrentTvMode
                0x80007b2c       0x80 C:/devkitPro/libogc/lib/cube\libogc.a(video.o)
                0x80007b2c                VIDEO_GetCurrentTvMode
 .text.VIDEO_GetPreferredMode
                0x80007bac       0x94 C:/devkitPro/libogc/lib/cube\libogc.a(video.o)
                0x80007bac                VIDEO_GetPreferredMode
 .text.VIDEO_GetCurrentLine
                0x80007c40       0xa4 C:/devkitPro/libogc/lib/cube\libogc.a(video.o)
                0x80007c40                VIDEO_GetCurrentLine
 .text.VIDEO_GetFrameBufferSize
                0x80007ce4       0x30 C:/devkitPro/libogc/lib/cube\libogc.a(video.o)
                0x80007ce4                VIDEO_GetFrameBufferSize
 .text.SPEC0_MakeStatus
                0x80007d14      0x108 C:/devkitPro/libogc/lib/cube\libogc.a(pad.o)
 .text.SPEC1_MakeStatus
                0x80007e1c      0x108 C:/devkitPro/libogc/lib/cube\libogc.a(pad.o)
 .text.SPEC2_MakeStatus
                0x80007f24      0x1bc C:/devkitPro/libogc/lib/cube\libogc.a(pad.o)
 .text.__pad_samplinghandler
                0x800080e0        0x4 C:/devkitPro/libogc/lib/cube\libogc.a(pad.o)
 .text.__pad_doreset
                0x800080e4       0x50 C:/devkitPro/libogc/lib/cube\libogc.a(pad.o)
 .text.__pad_updateorigin
                0x80008134       0xa4 C:/devkitPro/libogc/lib/cube\libogc.a(pad.o)
 .text.__pad_disable
                0x800081d8       0xc4 C:/devkitPro/libogc/lib/cube\libogc.a(pad.o)
 .text.__pad_enable
                0x8000829c       0x5c C:/devkitPro/libogc/lib/cube\libogc.a(pad.o)
 .text.__pad_typeandstatuscallback
                0x800082f8      0x158 C:/devkitPro/libogc/lib/cube\libogc.a(pad.o)
 .text.__pad_probecallback
                0x80008450       0x48 C:/devkitPro/libogc/lib/cube\libogc.a(pad.o)
 .text.__pad_origincallback
                0x80008498       0x38 C:/devkitPro/libogc/lib/cube\libogc.a(pad.o)
 .text.__pad_originupdatecallback
                0x800084d0       0x84 C:/devkitPro/libogc/lib/cube\libogc.a(pad.o)
 .text.__pad_receivecheckcallback
                0x80008554       0x88 C:/devkitPro/libogc/lib/cube\libogc.a(pad.o)
 .text.PAD_SetSpec.part.3
                0x800085dc       0x54 C:/devkitPro/libogc/lib/cube\libogc.a(pad.o)
 .text.__pad_onreset
                0x80008630      0x100 C:/devkitPro/libogc/lib/cube\libogc.a(pad.o)
 .text.__PADDisableRecalibration
                0x80008730       0x60 C:/devkitPro/libogc/lib/cube\libogc.a(pad.o)
                0x80008730                __PADDisableRecalibration
 .text.PAD_Reset
                0x80008790      0x104 C:/devkitPro/libogc/lib/cube\libogc.a(pad.o)
                0x80008790                PAD_Reset
 .text.PAD_Read
                0x80008894      0x2e8 C:/devkitPro/libogc/lib/cube\libogc.a(pad.o)
                0x80008894                PAD_Read
 .text.PAD_Init
                0x80008b7c       0xd4 C:/devkitPro/libogc/lib/cube\libogc.a(pad.o)
                0x80008b7c                PAD_Init
 .text.PAD_ScanPads
                0x80008c50      0x130 C:/devkitPro/libogc/lib/cube\libogc.a(pad.o)
                0x80008c50                PAD_ScanPads
 .text.PAD_ButtonsDown
                0x80008d80       0x34 C:/devkitPro/libogc/lib/cube\libogc.a(pad.o)
                0x80008d80                PAD_ButtonsDown
 .text.PAD_SubStickX
                0x80008db4       0x38 C:/devkitPro/libogc/lib/cube\libogc.a(pad.o)
                0x80008db4                PAD_SubStickX
 .text.PAD_SubStickY
                0x80008dec       0x38 C:/devkitPro/libogc/lib/cube\libogc.a(pad.o)
                0x80008dec                PAD_SubStickY
 .text.PAD_StickX
                0x80008e24       0x38 C:/devkitPro/libogc/lib/cube\libogc.a(pad.o)
                0x80008e24                PAD_StickX
 .text.PAD_StickY
                0x80008e5c       0x38 C:/devkitPro/libogc/lib/cube\libogc.a(pad.o)
                0x80008e5c                PAD_StickY
 .text.__reload
                0x80008e94       0x14 C:/devkitPro/libogc/lib/cube\libogc.a(system.o)
                0x80008e94                __reload
 .text.__call_resetfuncs
                0x80008ea8       0xbc C:/devkitPro/libogc/lib/cube\libogc.a(system.o)
 .text.__MEMInterruptHandler
                0x80008f64       0x14 C:/devkitPro/libogc/lib/cube\libogc.a(system.o)
 .text.__RSWHandler
                0x80008f78       0xcc C:/devkitPro/libogc/lib/cube\libogc.a(system.o)
 .text.__sram_write
                0x80009044      0x114 C:/devkitPro/libogc/lib/cube\libogc.a(system.o)
 .text.__unlocksram
                0x80009158      0x150 C:/devkitPro/libogc/lib/cube\libogc.a(system.o)
 .text.__sram_writecallback
                0x800092a8       0x54 C:/devkitPro/libogc/lib/cube\libogc.a(system.o)
 .text.__mem_onreset
                0x800092fc       0x48 C:/devkitPro/libogc/lib/cube\libogc.a(system.o)
 .text.__sys_alarmhandler
                0x80009344       0xec C:/devkitPro/libogc/lib/cube\libogc.a(system.o)
 .text.__sram_read.constprop.10
                0x80009430      0x124 C:/devkitPro/libogc/lib/cube\libogc.a(system.o)
 .text.__RSWDefaultHandler
                0x80009554        0x4 C:/devkitPro/libogc/lib/cube\libogc.a(system.o)
 .text.__SYS_LockSram
                0x80009558       0x60 C:/devkitPro/libogc/lib/cube\libogc.a(system.o)
                0x80009558                __SYS_LockSram
 .text.__SYS_UnlockSram
                0x800095b8        0x8 C:/devkitPro/libogc/lib/cube\libogc.a(system.o)
                0x800095b8                __SYS_UnlockSram
 .text.__SYS_PreInit
                0x800095c0        0x4 C:/devkitPro/libogc/lib/cube\libogc.a(system.o)
                0x800095c0                __SYS_PreInit
 .text.SYS_PreMain
                0x800095c4        0x4 C:/devkitPro/libogc/lib/cube\libogc.a(system.o)
                0x800095c4                SYS_PreMain
 .text.SYS_ResetButtonDown
                0x800095c8       0x18 C:/devkitPro/libogc/lib/cube\libogc.a(system.o)
                0x800095c8                SYS_ResetButtonDown
 .text.SYS_ResetSystem
                0x800095e0      0x2f0 C:/devkitPro/libogc/lib/cube\libogc.a(system.o)
                0x800095e0                SYS_ResetSystem
 .text.__libogc_exit
                0x800098d0       0x34 C:/devkitPro/libogc/lib/cube\libogc.a(system.o)
                0x800098d0                __libogc_exit
 .text.SYS_RegisterResetFunc
                0x80009904       0x80 C:/devkitPro/libogc/lib/cube\libogc.a(system.o)
                0x80009904                SYS_RegisterResetFunc
 .text.SYS_Init
                0x80009984      0x6c4 C:/devkitPro/libogc/lib/cube\libogc.a(system.o)
                0x80009984                SYS_Init
 .text.SYS_SetArena1Lo
                0x8000a048       0x3c C:/devkitPro/libogc/lib/cube\libogc.a(system.o)
                0x8000a048                SYS_SetArena1Lo
 .text.SYS_GetArena1Lo
                0x8000a084       0x3c C:/devkitPro/libogc/lib/cube\libogc.a(system.o)
                0x8000a084                SYS_GetArena1Lo
 .text.SYS_GetArena1Hi
                0x8000a0c0       0x3c C:/devkitPro/libogc/lib/cube\libogc.a(system.o)
                0x8000a0c0                SYS_GetArena1Hi
 .text.SYS_AllocateFramebuffer
                0x8000a0fc       0x28 C:/devkitPro/libogc/lib/cube\libogc.a(system.o)
                0x8000a0fc                SYS_AllocateFramebuffer
 .text.SYS_CreateAlarm
                0x8000a124      0x10c C:/devkitPro/libogc/lib/cube\libogc.a(system.o)
                0x8000a124                SYS_CreateAlarm
 .text.SYS_SetAlarm
                0x8000a230      0x1c0 C:/devkitPro/libogc/lib/cube\libogc.a(system.o)
                0x8000a230                SYS_SetAlarm
 .text.SYS_CancelAlarm
                0x8000a3f0       0xc0 C:/devkitPro/libogc/lib/cube\libogc.a(system.o)
                0x8000a3f0                SYS_CancelAlarm
 .text.SYS_SetWirelessID
                0x8000a4b0       0x90 C:/devkitPro/libogc/lib/cube\libogc.a(system.o)
                0x8000a4b0                SYS_SetWirelessID
 .text.SYS_GetWirelessID
                0x8000a540       0xa4 C:/devkitPro/libogc/lib/cube\libogc.a(system.o)
                0x8000a540                SYS_GetWirelessID
 .text.__lwp_cond_init
                0x8000a5e4       0x14 C:/devkitPro/libogc/lib/cube\libogc.a(cond.o)
                0x8000a5e4                __lwp_cond_init
 .text.__GXTokenInterruptHandler
                0x8000a5f8       0x68 C:/devkitPro/libogc/lib/cube\libogc.a(gx.o)
 .text.__GXDefTlutRegionCallback
                0x8000a660       0x18 C:/devkitPro/libogc/lib/cube\libogc.a(gx.o)
 .text.__SetSURegs
                0x8000a678       0x94 C:/devkitPro/libogc/lib/cube\libogc.a(gx.o)
 .text.__GXCPInterruptHandler
                0x8000a70c      0x16c C:/devkitPro/libogc/lib/cube\libogc.a(gx.o)
 .text.__GXFinishInterruptHandler
                0x8000a878       0x58 C:/devkitPro/libogc/lib/cube\libogc.a(gx.o)
 .text.__GX_WaitAbort
                0x8000a8d0       0xa0 C:/devkitPro/libogc/lib/cube\libogc.a(gx.o)
 .text.__GX_CPGPLinkCheck.part.0
                0x8000a970       0x3c C:/devkitPro/libogc/lib/cube\libogc.a(gx.o)
 .text.GX_InitFifoBase.part.3
                0x8000a9ac       0x70 C:/devkitPro/libogc/lib/cube\libogc.a(gx.o)
 .text.GX_SetTexCoordGen2.part.5
                0x8000aa1c      0x2c8 C:/devkitPro/libogc/lib/cube\libogc.a(gx.o)
 .text.GX_SetTexCoordGen.part.6
                0x8000ace4        0xc C:/devkitPro/libogc/lib/cube\libogc.a(gx.o)
 .text.__GXDefTexRegionCallback
                0x8000acf0       0x58 C:/devkitPro/libogc/lib/cube\libogc.a(gx.o)
 .text.__GX_SetDirtyState
                0x8000ad48      0x704 C:/devkitPro/libogc/lib/cube\libogc.a(gx.o)
 .text.GX_SetCPUFifo
                0x8000b44c      0x28c C:/devkitPro/libogc/lib/cube\libogc.a(gx.o)
                0x8000b44c                GX_SetCPUFifo
 .text.GX_SetGPFifo
                0x8000b6d8      0x2e0 C:/devkitPro/libogc/lib/cube\libogc.a(gx.o)
                0x8000b6d8                GX_SetGPFifo
 .text.GX_Flush
                0x8000b9b8       0x94 C:/devkitPro/libogc/lib/cube\libogc.a(gx.o)
                0x8000b9b8                GX_Flush
 .text.GX_AbortFrame
                0x8000ba4c      0x1e4 C:/devkitPro/libogc/lib/cube\libogc.a(gx.o)
                0x8000ba4c                GX_AbortFrame
 .text.__gx_onreset
                0x8000bc30       0x38 C:/devkitPro/libogc/lib/cube\libogc.a(gx.o)
 .text.GX_DrawDone
                0x8000bc68       0xc4 C:/devkitPro/libogc/lib/cube\libogc.a(gx.o)
                0x8000bc68                GX_DrawDone
 .text.GX_SetViewport
                0x8000bd2c       0x78 C:/devkitPro/libogc/lib/cube\libogc.a(gx.o)
                0x8000bd2c                GX_SetViewport
 .text.GX_LoadProjectionMtx
                0x8000bda4       0xf0 C:/devkitPro/libogc/lib/cube\libogc.a(gx.o)
                0x8000bda4                GX_LoadProjectionMtx
 .text.GX_SetCopyClear
                0x8000be94       0x54 C:/devkitPro/libogc/lib/cube\libogc.a(gx.o)
                0x8000be94                GX_SetCopyClear
 .text.GX_SetDispCopyGamma
                0x8000bee8       0x18 C:/devkitPro/libogc/lib/cube\libogc.a(gx.o)
                0x8000bee8                GX_SetDispCopyGamma
 .text.GX_SetCopyFilter
                0x8000bf00      0x290 C:/devkitPro/libogc/lib/cube\libogc.a(gx.o)
                0x8000bf00                GX_SetCopyFilter
 .text.GX_SetDispCopyYScale
                0x8000c190      0x134 C:/devkitPro/libogc/lib/cube\libogc.a(gx.o)
                0x8000c190                GX_SetDispCopyYScale
 .text.GX_SetDispCopyDst
                0x8000c2c4       0x20 C:/devkitPro/libogc/lib/cube\libogc.a(gx.o)
                0x8000c2c4                GX_SetDispCopyDst
 .text.GX_SetDispCopySrc
                0x8000c2e4       0x38 C:/devkitPro/libogc/lib/cube\libogc.a(gx.o)
                0x8000c2e4                GX_SetDispCopySrc
 .text.GX_CopyDisp
                0x8000c31c      0x128 C:/devkitPro/libogc/lib/cube\libogc.a(gx.o)
                0x8000c31c                GX_CopyDisp
 .text.GX_SetChanCtrl
                0x8000c444       0xb4 C:/devkitPro/libogc/lib/cube\libogc.a(gx.o)
                0x8000c444                GX_SetChanCtrl
 .text.GX_SetChanAmbColor
                0x8000c4f8       0xf4 C:/devkitPro/libogc/lib/cube\libogc.a(gx.o)
                0x8000c4f8                GX_SetChanAmbColor
 .text.GX_SetChanMatColor
                0x8000c5ec       0xf4 C:/devkitPro/libogc/lib/cube\libogc.a(gx.o)
                0x8000c5ec                GX_SetChanMatColor
 .text.GX_SetVtxDesc
                0x8000c6e0      0x1c4 C:/devkitPro/libogc/lib/cube\libogc.a(gx.o)
                0x8000c6e0                GX_SetVtxDesc
 .text.GX_SetVtxAttrFmt
                0x8000c8a4      0x46c C:/devkitPro/libogc/lib/cube\libogc.a(gx.o)
                0x8000c8a4                GX_SetVtxAttrFmt
 .text.GX_Begin
                0x8000cd10       0x58 C:/devkitPro/libogc/lib/cube\libogc.a(gx.o)
                0x8000cd10                GX_Begin
 .text.GX_SetTexCoordGen
                0x8000cd68        0xc C:/devkitPro/libogc/lib/cube\libogc.a(gx.o)
                0x8000cd68                GX_SetTexCoordGen
 .text.GX_LoadPosMtxImm
                0x8000cd74       0x50 C:/devkitPro/libogc/lib/cube\libogc.a(gx.o)
                0x8000cd74                GX_LoadPosMtxImm
 .text.GX_LoadTexMtxImm
                0x8000cdc4       0xbc C:/devkitPro/libogc/lib/cube\libogc.a(gx.o)
                0x8000cdc4                GX_LoadTexMtxImm
 .text.GX_InvVtxCache
                0x8000ce80       0x14 C:/devkitPro/libogc/lib/cube\libogc.a(gx.o)
                0x8000ce80                GX_InvVtxCache
 .text.GX_SetZMode
                0x8000ce94       0x44 C:/devkitPro/libogc/lib/cube\libogc.a(gx.o)
                0x8000ce94                GX_SetZMode
 .text.GX_InitTexObj
                0x8000ced8      0x1cc C:/devkitPro/libogc/lib/cube\libogc.a(gx.o)
                0x8000ced8                GX_InitTexObj
 .text.GX_InitTexObjLOD
                0x8000d0a4      0x238 C:/devkitPro/libogc/lib/cube\libogc.a(gx.o)
                0x8000d0a4                GX_InitTexObjLOD
 .text.GX_LoadTexObjPreloaded
                0x8000d2dc      0x158 C:/devkitPro/libogc/lib/cube\libogc.a(gx.o)
                0x8000d2dc                GX_LoadTexObjPreloaded
 .text.GX_LoadTexObj
                0x8000d434       0x5c C:/devkitPro/libogc/lib/cube\libogc.a(gx.o)
                0x8000d434                GX_LoadTexObj
 .text.GX_SetBlendMode
                0x8000d490       0xa8 C:/devkitPro/libogc/lib/cube\libogc.a(gx.o)
                0x8000d490                GX_SetBlendMode
 .text.GX_ClearVtxDesc
                0x8000d538       0x38 C:/devkitPro/libogc/lib/cube\libogc.a(gx.o)
                0x8000d538                GX_ClearVtxDesc
 .text.GX_SetTevColorOp
                0x8000d570       0x98 C:/devkitPro/libogc/lib/cube\libogc.a(gx.o)
                0x8000d570                GX_SetTevColorOp
 .text.GX_SetTevAlphaOp
                0x8000d608       0x98 C:/devkitPro/libogc/lib/cube\libogc.a(gx.o)
                0x8000d608                GX_SetTevAlphaOp
 .text.GX_SetTevOp
                0x8000d6a0      0x284 C:/devkitPro/libogc/lib/cube\libogc.a(gx.o)
                0x8000d6a0                GX_SetTevOp
 .text.GX_SetCullMode
                0x8000d924       0x2c C:/devkitPro/libogc/lib/cube\libogc.a(gx.o)
                0x8000d924                GX_SetCullMode
 .text.GX_SetScissor
                0x8000d950       0x88 C:/devkitPro/libogc/lib/cube\libogc.a(gx.o)
                0x8000d950                GX_SetScissor
 .text.GX_SetNumChans
                0x8000d9d8       0x28 C:/devkitPro/libogc/lib/cube\libogc.a(gx.o)
                0x8000d9d8                GX_SetNumChans
 .text.GX_SetTevOrder
                0x8000da00      0x188 C:/devkitPro/libogc/lib/cube\libogc.a(gx.o)
                0x8000da00                GX_SetTevOrder
 .text.GX_SetTevKColorSel
                0x8000db88       0x70 C:/devkitPro/libogc/lib/cube\libogc.a(gx.o)
                0x8000db88                GX_SetTevKColorSel
 .text.GX_SetTevKAlphaSel
                0x8000dbf8       0x70 C:/devkitPro/libogc/lib/cube\libogc.a(gx.o)
                0x8000dbf8                GX_SetTevKAlphaSel
 .text.GX_SetTevSwapModeTable
                0x8000dc68       0x7c C:/devkitPro/libogc/lib/cube\libogc.a(gx.o)
                0x8000dc68                GX_SetTevSwapModeTable
 .text.GX_SetFog
                0x8000dce4      0x408 C:/devkitPro/libogc/lib/cube\libogc.a(gx.o)
                0x8000dce4                GX_SetFog
 .text.GX_SetColorUpdate
                0x8000e0ec       0x30 C:/devkitPro/libogc/lib/cube\libogc.a(gx.o)
                0x8000e0ec                GX_SetColorUpdate
 .text.GX_SetPixelFmt
                0x8000e11c       0xec C:/devkitPro/libogc/lib/cube\libogc.a(gx.o)
                0x8000e11c                GX_SetPixelFmt
 .text.GX_SetFieldMode
                0x8000e208       0x5c C:/devkitPro/libogc/lib/cube\libogc.a(gx.o)
                0x8000e208                GX_SetFieldMode
 .text.GX_InitLightPos
                0x8000e264       0x30 C:/devkitPro/libogc/lib/cube\libogc.a(gx.o)
                0x8000e264                GX_InitLightPos
 .text.GX_InitLightColor
                0x8000e294       0x14 C:/devkitPro/libogc/lib/cube\libogc.a(gx.o)
                0x8000e294                GX_InitLightColor
 .text.GX_SetGPMetric
                0x8000e2a8      0x704 C:/devkitPro/libogc/lib/cube\libogc.a(gx.o)
                0x8000e2a8                GX_SetGPMetric
 .text.GX_Init  0x8000e9ac     0x110c C:/devkitPro/libogc/lib/cube\libogc.a(gx.o)
                0x8000e9ac                GX_Init
 .text.GX_GetYScaleFactor
                0x8000fab8      0x2c4 C:/devkitPro/libogc/lib/cube\libogc.a(gx.o)
                0x8000fab8                GX_GetYScaleFactor
 .text.guPerspective
                0x8000fd7c       0xe4 C:/devkitPro/libogc/lib/cube\libogc.a(gu.o)
                0x8000fd7c                guPerspective
 .text.guLightPerspective
                0x8000fe60       0xe0 C:/devkitPro/libogc/lib/cube\libogc.a(gu.o)
                0x8000fe60                guLightPerspective
 .text.guLookAt
                0x8000ff40      0x13c C:/devkitPro/libogc/lib/cube\libogc.a(gu.o)
                0x8000ff40                guLookAt
 .text.ps_guMtxRotAxisRad
                0x8001007c       0x58 C:/devkitPro/libogc/lib/cube\libogc.a(gu.o)
                0x8001007c                ps_guMtxRotAxisRad
 .text.__decrementer_init
                0x800100d4        0x4 C:/devkitPro/libogc/lib/cube\libogc.a(decrementer.o)
                0x800100d4                __decrementer_init
 .text.c_decrementer_handler
                0x800100d8        0xc C:/devkitPro/libogc/lib/cube\libogc.a(decrementer.o)
                0x800100d8                c_decrementer_handler
 .text.__lwp_mqbox_init
                0x800100e4       0x14 C:/devkitPro/libogc/lib/cube\libogc.a(message.o)
                0x800100e4                __lwp_mqbox_init
 .text.__si_transfer
                0x800100f8      0x180 C:/devkitPro/libogc/lib/cube\libogc.a(si.o)
 .text.__si_alarmhandler
                0x80010278       0xb4 C:/devkitPro/libogc/lib/cube\libogc.a(si.o)
 .text.__si_completetransfer
                0x8001032c      0x1b8 C:/devkitPro/libogc/lib/cube\libogc.a(si.o)
 .text.__si_transfernext
                0x800104e4       0xe4 C:/devkitPro/libogc/lib/cube\libogc.a(si.o)
 .text.SI_Busy  0x800105c8       0x18 C:/devkitPro/libogc/lib/cube\libogc.a(si.o)
                0x800105c8                SI_Busy
 .text.SI_IsChanBusy
                0x800105e0       0x38 C:/devkitPro/libogc/lib/cube\libogc.a(si.o)
                0x800105e0                SI_IsChanBusy
 .text.SI_SetXY
                0x80010618       0x68 C:/devkitPro/libogc/lib/cube\libogc.a(si.o)
                0x80010618                SI_SetXY
 .text.SI_EnablePolling
                0x80010680       0x7c C:/devkitPro/libogc/lib/cube\libogc.a(si.o)
                0x80010680                SI_EnablePolling
 .text.SI_DisablePolling
                0x800106fc       0x5c C:/devkitPro/libogc/lib/cube\libogc.a(si.o)
                0x800106fc                SI_DisablePolling
 .text.SI_SetSamplingRate
                0x80010758       0xe8 C:/devkitPro/libogc/lib/cube\libogc.a(si.o)
                0x80010758                SI_SetSamplingRate
 .text.SI_RefreshSamplingRate
                0x80010840        0x8 C:/devkitPro/libogc/lib/cube\libogc.a(si.o)
                0x80010840                SI_RefreshSamplingRate
 .text.SI_GetStatus
                0x80010848       0x80 C:/devkitPro/libogc/lib/cube\libogc.a(si.o)
                0x80010848                SI_GetStatus
 .text.SI_GetResponseRaw
                0x800108c8       0x98 C:/devkitPro/libogc/lib/cube\libogc.a(si.o)
                0x800108c8                SI_GetResponseRaw
 .text.SI_GetResponse
                0x80010960       0xbc C:/devkitPro/libogc/lib/cube\libogc.a(si.o)
                0x80010960                SI_GetResponse
 .text.SI_SetCommand
                0x80010a1c       0x10 C:/devkitPro/libogc/lib/cube\libogc.a(si.o)
                0x80010a1c                SI_SetCommand
 .text.SI_Transfer
                0x80010a2c      0x26c C:/devkitPro/libogc/lib/cube\libogc.a(si.o)
                0x80010a2c                SI_Transfer
 .text.__si_gettypecallback
                0x80010c98      0x2b8 C:/devkitPro/libogc/lib/cube\libogc.a(si.o)
 .text.__si_interrupthandler
                0x80010f50      0x248 C:/devkitPro/libogc/lib/cube\libogc.a(si.o)
 .text.SI_GetType
                0x80011198      0x1dc C:/devkitPro/libogc/lib/cube\libogc.a(si.o)
                0x80011198                SI_GetType
 .text.SI_GetTypeAsync
                0x80011374      0x140 C:/devkitPro/libogc/lib/cube\libogc.a(si.o)
                0x80011374                SI_GetTypeAsync
 .text.SI_EnablePollingInterrupt
                0x800114b4       0xb0 C:/devkitPro/libogc/lib/cube\libogc.a(si.o)
                0x800114b4                SI_EnablePollingInterrupt
 .text.SI_UnregisterPollingHandler
                0x80011564       0xec C:/devkitPro/libogc/lib/cube\libogc.a(si.o)
                0x80011564                SI_UnregisterPollingHandler
 .text.__si_init
                0x80011650       0xf8 C:/devkitPro/libogc/lib/cube\libogc.a(si.o)
                0x80011650                __si_init
 .text.TPL_GetTextureSize
                0x80011748       0x8c C:/devkitPro/libogc/lib/cube\libogc.a(tpl.o)
 .text.TPL_OpenTPLFromMemory
                0x800117d4       0xa0 C:/devkitPro/libogc/lib/cube\libogc.a(tpl.o)
                0x800117d4                TPL_OpenTPLFromMemory
 .text.TPL_GetTexture
                0x80011874      0x1c4 C:/devkitPro/libogc/lib/cube\libogc.a(tpl.o)
                0x80011874                TPL_GetTexture
 .text.__time_exi_unlock
                0x80011a38       0x28 C:/devkitPro/libogc/lib/cube\libogc.a(timesupp.o)
 .text.__getrtc
                0x80011a60      0x110 C:/devkitPro/libogc/lib/cube\libogc.a(timesupp.o)
 .text.gettick  0x80011b70        0x8 C:/devkitPro/libogc/lib/cube\libogc.a(timesupp.o)
                0x80011b70                gettick
 .text.gettime  0x80011b78       0x18 C:/devkitPro/libogc/lib/cube\libogc.a(timesupp.o)
                0x80011b78                gettime
 .text.diff_usec
                0x80011b90       0x94 C:/devkitPro/libogc/lib/cube\libogc.a(timesupp.o)
                0x80011b90                diff_usec
 .text.__timesystem_init
                0x80011c24       0x1c C:/devkitPro/libogc/lib/cube\libogc.a(timesupp.o)
                0x80011c24                __timesystem_init
 .text.udelay   0x80011c40       0xb4 C:/devkitPro/libogc/lib/cube\libogc.a(timesupp.o)
                0x80011c40                udelay
 .text.time     0x80011cf4      0x108 C:/devkitPro/libogc/lib/cube\libogc.a(timesupp.o)
                0x80011cf4                time
 .text.__libogc_gettod_r
                0x80011dfc       0x88 C:/devkitPro/libogc/lib/cube\libogc.a(timesupp.o)
                0x80011dfc                __libogc_gettod_r
 .text.__libogc_lock_init
                0x80011e84       0x64 C:/devkitPro/libogc/lib/cube\libogc.a(lock_supp.o)
                0x80011e84                __libogc_lock_init
 .text.__libogc_lock_close
                0x80011ee8       0x50 C:/devkitPro/libogc/lib/cube\libogc.a(lock_supp.o)
                0x80011ee8                __libogc_lock_close
 .text.__libogc_lock_acquire
                0x80011f38       0x20 C:/devkitPro/libogc/lib/cube\libogc.a(lock_supp.o)
                0x80011f38                __libogc_lock_acquire
 .text.__libogc_lock_release
                0x80011f58       0x20 C:/devkitPro/libogc/lib/cube\libogc.a(lock_supp.o)
                0x80011f58                __libogc_lock_release
 .text.__libc_create_hook
                0x80011f78       0x10 C:/devkitPro/libogc/lib/cube\libogc.a(newlibc.o)
                0x80011f78                __libc_create_hook
 .text.__libc_start_hook
                0x80011f88       0xa8 C:/devkitPro/libogc/lib/cube\libogc.a(newlibc.o)
                0x80011f88                __libc_start_hook
 .text.__libc_delete_hook
                0x80012030      0x124 C:/devkitPro/libogc/lib/cube\libogc.a(newlibc.o)
                0x80012030                __libc_delete_hook
 .text.__libc_init
                0x80012154       0xc0 C:/devkitPro/libogc/lib/cube\libogc.a(newlibc.o)
                0x80012154                __libc_init
 .text.__libogc_sbrk_r
                0x80012214       0xe8 C:/devkitPro/libogc/lib/cube\libogc.a(sbrk.o)
                0x80012214                __libogc_sbrk_r
 .text.__memlock_init
                0x800122fc       0x7c C:/devkitPro/libogc/lib/cube\libogc.a(malloc_lock.o)
                0x800122fc                __memlock_init
 .text.__libogc_malloc_lock
                0x80012378      0x1f8 C:/devkitPro/libogc/lib/cube\libogc.a(malloc_lock.o)
                0x80012378                __libogc_malloc_lock
 .text.__libogc_malloc_unlock
                0x80012570       0x64 C:/devkitPro/libogc/lib/cube\libogc.a(malloc_lock.o)
                0x80012570                __libogc_malloc_unlock
 .text.__CheckARGV
                0x800125d4       0x7c C:/devkitPro/libogc/lib/cube\libogc.a(argv.o)
                0x800125d4                __CheckARGV
 .text.__lwp_priority_init
                0x80012650       0x28 C:/devkitPro/libogc/lib/cube\libogc.a(lwp_priority.o)
                0x80012650                __lwp_priority_init
 .text.__lwp_threadqueue_enqueuefifo
                0x80012678      0x160 C:/devkitPro/libogc/lib/cube\libogc.a(lwp_threadq.o)
                0x80012678                __lwp_threadqueue_enqueuefifo
 .text.__lwp_threadqueue_dequeuefifo
                0x800127d8      0x12c C:/devkitPro/libogc/lib/cube\libogc.a(lwp_threadq.o)
                0x800127d8                __lwp_threadqueue_dequeuefifo
 .text.__lwp_threadqueue_enqueuepriority
                0x80012904      0x3e8 C:/devkitPro/libogc/lib/cube\libogc.a(lwp_threadq.o)
                0x80012904                __lwp_threadqueue_enqueuepriority
 .text.__lwp_threadqueue_dequeuepriority
                0x80012cec      0x1c4 C:/devkitPro/libogc/lib/cube\libogc.a(lwp_threadq.o)
                0x80012cec                __lwp_threadqueue_dequeuepriority
 .text.__lwp_threadqueue_init
                0x80012eb0       0x68 C:/devkitPro/libogc/lib/cube\libogc.a(lwp_threadq.o)
                0x80012eb0                __lwp_threadqueue_init
 .text.__lwp_threadqueue_enqueue
                0x80012f18      0x138 C:/devkitPro/libogc/lib/cube\libogc.a(lwp_threadq.o)
                0x80012f18                __lwp_threadqueue_enqueue
 .text.__lwp_threadqueue_dequeue
                0x80013050       0x24 C:/devkitPro/libogc/lib/cube\libogc.a(lwp_threadq.o)
                0x80013050                __lwp_threadqueue_dequeue
 .text.__lwp_threadqueue_flush
                0x80013074       0x4c C:/devkitPro/libogc/lib/cube\libogc.a(lwp_threadq.o)
                0x80013074                __lwp_threadqueue_flush
 .text.__lwp_threadqueue_extractfifo
                0x800130c0       0xd8 C:/devkitPro/libogc/lib/cube\libogc.a(lwp_threadq.o)
                0x800130c0                __lwp_threadqueue_extractfifo
 .text.__lwp_threadqueue_extractpriority
                0x80013198      0x140 C:/devkitPro/libogc/lib/cube\libogc.a(lwp_threadq.o)
                0x80013198                __lwp_threadqueue_extractpriority
 .text.__lwp_threadqueue_extract
                0x800132d8       0x20 C:/devkitPro/libogc/lib/cube\libogc.a(lwp_threadq.o)
                0x800132d8                __lwp_threadqueue_extract
 .text.__lwp_threadqueue_timeout
                0x800132f8       0x84 C:/devkitPro/libogc/lib/cube\libogc.a(lwp_threadq.o)
 .text.__lwp_threadqueue_extractproxy
                0x8001337c       0x44 C:/devkitPro/libogc/lib/cube\libogc.a(lwp_threadq.o)
                0x8001337c                __lwp_threadqueue_extractproxy
 .text.__lwp_isr_in_progress
                0x800133c0        0x8 C:/devkitPro/libogc/lib/cube\libogc.a(lwp_threads.o)
                0x800133c0                __lwp_isr_in_progress
 .text.__thread_dispatch_fp
                0x800133c8       0x90 C:/devkitPro/libogc/lib/cube\libogc.a(lwp_threads.o)
                0x800133c8                __thread_dispatch_fp
 .text.__thread_dispatch
                0x80013458      0x11c C:/devkitPro/libogc/lib/cube\libogc.a(lwp_threads.o)
                0x80013458                __thread_dispatch
 .text.__lwp_thread_resettimeslice
                0x80013574       0xf0 C:/devkitPro/libogc/lib/cube\libogc.a(lwp_threads.o)
                0x80013574                __lwp_thread_resettimeslice
 .text.__lwp_thread_tickle_timeslice
                0x80013664       0xcc C:/devkitPro/libogc/lib/cube\libogc.a(lwp_threads.o)
                0x80013664                __lwp_thread_tickle_timeslice
 .text.__lwp_thread_setstate
                0x80013730      0x158 C:/devkitPro/libogc/lib/cube\libogc.a(lwp_threads.o)
                0x80013730                __lwp_thread_setstate
 .text.__lwp_thread_clearstate
                0x80013888       0xf0 C:/devkitPro/libogc/lib/cube\libogc.a(lwp_threads.o)
                0x80013888                __lwp_thread_clearstate
 .text.__lwp_thread_suspend
                0x80013978      0x168 C:/devkitPro/libogc/lib/cube\libogc.a(lwp_threads.o)
                0x80013978                __lwp_thread_suspend
 .text.__lwp_thread_settransient
                0x80013ae0       0xbc C:/devkitPro/libogc/lib/cube\libogc.a(lwp_threads.o)
                0x80013ae0                __lwp_thread_settransient
 .text.__lwp_thread_changepriority
                0x80013b9c      0x1fc C:/devkitPro/libogc/lib/cube\libogc.a(lwp_threads.o)
                0x80013b9c                __lwp_thread_changepriority
 .text.__lwp_thread_resume
                0x80013d98      0x130 C:/devkitPro/libogc/lib/cube\libogc.a(lwp_threads.o)
                0x80013d98                __lwp_thread_resume
 .text.__lwp_thread_ready
                0x80013ec8       0xf8 C:/devkitPro/libogc/lib/cube\libogc.a(lwp_threads.o)
                0x80013ec8                __lwp_thread_ready
 .text.__lwp_thread_init
                0x80013fc0      0x16c C:/devkitPro/libogc/lib/cube\libogc.a(lwp_threads.o)
                0x80013fc0                __lwp_thread_init
 .text.__lwp_thread_close
                0x8001412c      0x138 C:/devkitPro/libogc/lib/cube\libogc.a(lwp_threads.o)
                0x8001412c                __lwp_thread_close
 .text.__lwp_thread_closeall
                0x80014264       0xc0 C:/devkitPro/libogc/lib/cube\libogc.a(lwp_threads.o)
                0x80014264                __lwp_thread_closeall
 .text.__lwp_thread_exit
                0x80014324       0x5c C:/devkitPro/libogc/lib/cube\libogc.a(lwp_threads.o)
                0x80014324                __lwp_thread_exit
 .text.__lwp_thread_handler
                0x80014380       0x74 C:/devkitPro/libogc/lib/cube\libogc.a(lwp_threads.o)
 .text.__lwp_thread_start
                0x800143f4       0xcc C:/devkitPro/libogc/lib/cube\libogc.a(lwp_threads.o)
                0x800143f4                __lwp_thread_start
 .text.__lwp_thread_startmultitasking
                0x800144c0       0xb0 C:/devkitPro/libogc/lib/cube\libogc.a(lwp_threads.o)
                0x800144c0                __lwp_thread_startmultitasking
 .text.__lwp_thread_stopmultitasking
                0x80014570       0x58 C:/devkitPro/libogc/lib/cube\libogc.a(lwp_threads.o)
                0x80014570                __lwp_thread_stopmultitasking
 .text.__lwp_thread_coreinit
                0x800145c8       0xb0 C:/devkitPro/libogc/lib/cube\libogc.a(lwp_threads.o)
                0x800145c8                __lwp_thread_coreinit
 .text.idle_func
                0x80014678        0x4 C:/devkitPro/libogc/lib/cube\libogc.a(lwp.o)
 .text.__lwp_sysinit
                0x8001467c      0x118 C:/devkitPro/libogc/lib/cube\libogc.a(lwp.o)
                0x8001467c                __lwp_sysinit
 .text.LWP_SuspendThread
                0x80014794       0xb4 C:/devkitPro/libogc/lib/cube\libogc.a(lwp.o)
                0x80014794                LWP_SuspendThread
 .text.LWP_ResumeThread
                0x80014848       0xb8 C:/devkitPro/libogc/lib/cube\libogc.a(lwp.o)
                0x80014848                LWP_ResumeThread
 .text.LWP_GetSelf
                0x80014900       0x28 C:/devkitPro/libogc/lib/cube\libogc.a(lwp.o)
                0x80014900                LWP_GetSelf
 .text.LWP_InitQueue
                0x80014928      0x14c C:/devkitPro/libogc/lib/cube\libogc.a(lwp.o)
                0x80014928                LWP_InitQueue
 .text.LWP_ThreadSleep
                0x80014a74       0xfc C:/devkitPro/libogc/lib/cube\libogc.a(lwp.o)
                0x80014a74                LWP_ThreadSleep
 .text.LWP_ThreadBroadcast
                0x80014b70       0x8c C:/devkitPro/libogc/lib/cube\libogc.a(lwp.o)
                0x80014b70                LWP_ThreadBroadcast
 .text.__lwp_stack_allocate
                0x80014bfc       0x84 C:/devkitPro/libogc/lib/cube\libogc.a(lwp_stack.o)
                0x80014bfc                __lwp_stack_allocate
 .text.__lwp_stack_free
                0x80014c80       0x1c C:/devkitPro/libogc/lib/cube\libogc.a(lwp_stack.o)
                0x80014c80                __lwp_stack_free
 .text.__lwp_mutex_initialize
                0x80014c9c       0xa4 C:/devkitPro/libogc/lib/cube\libogc.a(lwp_mutex.o)
                0x80014c9c                __lwp_mutex_initialize
 .text.__lwp_mutex_surrender
                0x80014d40      0x150 C:/devkitPro/libogc/lib/cube\libogc.a(lwp_mutex.o)
                0x80014d40                __lwp_mutex_surrender
 .text.__lwp_mutex_seize_irq_blocking
                0x80014e90      0x104 C:/devkitPro/libogc/lib/cube\libogc.a(lwp_mutex.o)
                0x80014e90                __lwp_mutex_seize_irq_blocking
 .text.__lwp_mutex_flush
                0x80014f94        0x4 C:/devkitPro/libogc/lib/cube\libogc.a(lwp_mutex.o)
                0x80014f94                __lwp_mutex_flush
 .text.__lwp_wd_settimer.isra.3
                0x80014f98       0xd0 C:/devkitPro/libogc/lib/cube\libogc.a(lwp_watchdog.o)
 .text.__lwp_watchdog_init
                0x80015068       0x2c C:/devkitPro/libogc/lib/cube\libogc.a(lwp_watchdog.o)
                0x80015068                __lwp_watchdog_init
 .text.__lwp_wd_insert
                0x80015094      0x1e8 C:/devkitPro/libogc/lib/cube\libogc.a(lwp_watchdog.o)
                0x80015094                __lwp_wd_insert
 .text.__lwp_wd_remove
                0x8001527c      0x100 C:/devkitPro/libogc/lib/cube\libogc.a(lwp_watchdog.o)
                0x8001527c                __lwp_wd_remove
 .text.__lwp_wd_tickle
                0x8001537c      0x11c C:/devkitPro/libogc/lib/cube\libogc.a(lwp_watchdog.o)
                0x8001537c                __lwp_wd_tickle
 .text.__lwp_wkspace_init
                0x80015498       0xc8 C:/devkitPro/libogc/lib/cube\libogc.a(lwp_wkspace.o)
                0x80015498                __lwp_wkspace_init
 .text.__lwp_objmgr_initinfo
                0x80015560      0x1a4 C:/devkitPro/libogc/lib/cube\libogc.a(lwp_objmgr.o)
                0x80015560                __lwp_objmgr_initinfo
 .text.__lwp_objmgr_getisrdisable
                0x80015704       0x68 C:/devkitPro/libogc/lib/cube\libogc.a(lwp_objmgr.o)
                0x80015704                __lwp_objmgr_getisrdisable
 .text.__lwp_objmgr_getnoprotection
                0x8001576c       0x24 C:/devkitPro/libogc/lib/cube\libogc.a(lwp_objmgr.o)
                0x8001576c                __lwp_objmgr_getnoprotection
 .text.__lwp_objmgr_get
                0x80015790       0x70 C:/devkitPro/libogc/lib/cube\libogc.a(lwp_objmgr.o)
                0x80015790                __lwp_objmgr_get
 .text.__lwp_objmgr_allocate
                0x80015800       0x78 C:/devkitPro/libogc/lib/cube\libogc.a(lwp_objmgr.o)
                0x80015800                __lwp_objmgr_allocate
 .text.__lwp_objmgr_free
                0x80015878       0x60 C:/devkitPro/libogc/lib/cube\libogc.a(lwp_objmgr.o)
                0x80015878                __lwp_objmgr_free
 .text.__lwp_heap_init
                0x800158d8       0xa8 C:/devkitPro/libogc/lib/cube\libogc.a(lwp_heap.o)
                0x800158d8                __lwp_heap_init
 .text.__lwp_heap_allocate
                0x80015980      0x180 C:/devkitPro/libogc/lib/cube\libogc.a(lwp_heap.o)
                0x80015980                __lwp_heap_allocate
 .text.__lwp_heap_free
                0x80015b00      0x1a0 C:/devkitPro/libogc/lib/cube\libogc.a(lwp_heap.o)
                0x80015b00                __lwp_heap_free
 .text.__exception_load
                0x80015ca0       0xa4 C:/devkitPro/libogc/lib/cube\libogc.a(exception.o)
                0x80015ca0                __exception_load
 .text.__systemcall_init
                0x80015d44       0x20 C:/devkitPro/libogc/lib/cube\libogc.a(exception.o)
                0x80015d44                __systemcall_init
 .text.__exception_init
                0x80015d64       0xd8 C:/devkitPro/libogc/lib/cube\libogc.a(exception.o)
                0x80015d64                __exception_init
 .text.__exception_close
                0x80015e3c       0xb0 C:/devkitPro/libogc/lib/cube\libogc.a(exception.o)
                0x80015e3c                __exception_close
 .text.__exception_closeall
                0x80015eec       0x54 C:/devkitPro/libogc/lib/cube\libogc.a(exception.o)
                0x80015eec                __exception_closeall
 .text.c_default_exceptionhandler
                0x80015f40      0x450 C:/devkitPro/libogc/lib/cube\libogc.a(exception.o)
                0x80015f40                c_default_exceptionhandler
 .text.__SetInterrupts
                0x80016390      0x294 C:/devkitPro/libogc/lib/cube\libogc.a(irq.o)
 .text.c_irqdispatcher
                0x80016624      0x278 C:/devkitPro/libogc/lib/cube\libogc.a(irq.o)
                0x80016624                c_irqdispatcher
 .text.__UnmaskIrq
                0x8001689c       0x8c C:/devkitPro/libogc/lib/cube\libogc.a(irq.o)
                0x8001689c                __UnmaskIrq
 .text.__MaskIrq
                0x80016928       0x8c C:/devkitPro/libogc/lib/cube\libogc.a(irq.o)
                0x80016928                __MaskIrq
 .text.__irq_init
                0x800169b4       0x98 C:/devkitPro/libogc/lib/cube\libogc.a(irq.o)
                0x800169b4                __irq_init
 .text.IRQ_Request
                0x80016a4c       0x54 C:/devkitPro/libogc/lib/cube\libogc.a(irq.o)
                0x80016a4c                IRQ_Request
 .text.IRQ_GetHandler
                0x80016aa0       0x48 C:/devkitPro/libogc/lib/cube\libogc.a(irq.o)
                0x80016aa0                IRQ_GetHandler
 .text.__lwp_sema_init
                0x80016ae8       0x14 C:/devkitPro/libogc/lib/cube\libogc.a(semaphore.o)
                0x80016ae8                __lwp_sema_init
 .text.__exi_irq_handler
                0x80016afc       0x58 C:/devkitPro/libogc/lib/cube\libogc.a(exi.o)
 .text.__ext_irq_handler
                0x80016b54       0xcc C:/devkitPro/libogc/lib/cube\libogc.a(exi.o)
 .text.__tc_irq_handler
                0x80016c20      0x140 C:/devkitPro/libogc/lib/cube\libogc.a(exi.o)
 .text.__exi_probe
                0x80016d60      0x23c C:/devkitPro/libogc/lib/cube\libogc.a(exi.o)
 .text.__exi_attach
                0x80016f9c       0xf8 C:/devkitPro/libogc/lib/cube\libogc.a(exi.o)
 .text.EXI_Lock
                0x80017094      0x1fc C:/devkitPro/libogc/lib/cube\libogc.a(exi.o)
                0x80017094                EXI_Lock
 .text.EXI_Unlock
                0x80017290      0x23c C:/devkitPro/libogc/lib/cube\libogc.a(exi.o)
                0x80017290                EXI_Unlock
 .text.EXI_Select
                0x800174cc      0x1b4 C:/devkitPro/libogc/lib/cube\libogc.a(exi.o)
                0x800174cc                EXI_Select
 .text.EXI_Deselect
                0x80017680      0x150 C:/devkitPro/libogc/lib/cube\libogc.a(exi.o)
                0x80017680                EXI_Deselect
 .text.EXI_Sync
                0x800177d0       0xdc C:/devkitPro/libogc/lib/cube\libogc.a(exi.o)
                0x800177d0                EXI_Sync
 .text.EXI_Imm  0x800178ac      0x1dc C:/devkitPro/libogc/lib/cube\libogc.a(exi.o)
                0x800178ac                EXI_Imm
 .text.EXI_ImmEx
                0x80017a88       0xd4 C:/devkitPro/libogc/lib/cube\libogc.a(exi.o)
                0x80017a88                EXI_ImmEx
 .text.EXI_Dma  0x80017b5c      0x184 C:/devkitPro/libogc/lib/cube\libogc.a(exi.o)
                0x80017b5c                EXI_Dma
 .text.EXI_Detach
                0x80017ce0       0xe8 C:/devkitPro/libogc/lib/cube\libogc.a(exi.o)
                0x80017ce0                EXI_Detach
 .text.EXI_GetID
                0x80017dc8      0x2ac C:/devkitPro/libogc/lib/cube\libogc.a(exi.o)
                0x80017dc8                EXI_GetID
 .text.__unlocked_handler
                0x80018074       0x28 C:/devkitPro/libogc/lib/cube\libogc.a(exi.o)
 .text.EXI_ProbeReset
                0x8001809c       0x70 C:/devkitPro/libogc/lib/cube\libogc.a(exi.o)
                0x8001809c                EXI_ProbeReset
 .text.__exi_init
                0x8001810c      0x184 C:/devkitPro/libogc/lib/cube\libogc.a(exi.o)
                0x8001810c                __exi_init
 .text.__lwp_mutex_locksupp.constprop.8
                0x80018290      0x290 C:/devkitPro/libogc/lib/cube\libogc.a(mutex.o)
 .text.__lwp_mutex_init
                0x80018520       0x14 C:/devkitPro/libogc/lib/cube\libogc.a(mutex.o)
                0x80018520                __lwp_mutex_init
 .text.LWP_MutexInit
                0x80018534       0xf0 C:/devkitPro/libogc/lib/cube\libogc.a(mutex.o)
                0x80018534                LWP_MutexInit
 .text.LWP_MutexDestroy
                0x80018624      0x108 C:/devkitPro/libogc/lib/cube\libogc.a(mutex.o)
                0x80018624                LWP_MutexDestroy
 .text.LWP_MutexLock
                0x8001872c        0x8 C:/devkitPro/libogc/lib/cube\libogc.a(mutex.o)
                0x8001872c                LWP_MutexLock
 .text.LWP_MutexUnlock
                0x80018734       0x90 C:/devkitPro/libogc/lib/cube\libogc.a(mutex.o)
                0x80018734                LWP_MutexUnlock
 .text.number   0x800187c4      0x2d8 C:/devkitPro/libogc/lib/cube\libogc.a(kprintf.o)
 .text.kvsprintf
                0x80018a9c      0x70c C:/devkitPro/libogc/lib/cube\libogc.a(kprintf.o)
                0x80018a9c                kvsprintf
 .text.kprintf  0x800191a8       0xac C:/devkitPro/libogc/lib/cube\libogc.a(kprintf.o)
                0x800191a8                kprintf
 .text.__console_clear_line
                0x80019254       0x84 C:/devkitPro/libogc/lib/cube\libogc.a(console.o)
 .text.__console_clear
                0x800192d8       0x54 C:/devkitPro/libogc/lib/cube\libogc.a(console.o)
 .text.__console_write
                0x8001932c      0x724 C:/devkitPro/libogc/lib/cube\libogc.a(console.o)
                0x8001932c                __console_write
 .text.__console_init
                0x80019a50      0x10c C:/devkitPro/libogc/lib/cube\libogc.a(console.o)
                0x80019a50                __console_init
 .text.CON_EnableGecko
                0x80019b5c       0xe8 C:/devkitPro/libogc/lib/cube\libogc.a(console.o)
                0x80019b5c                CON_EnableGecko
 .text.__lwp_queue_initialize
                0x80019c44       0x54 C:/devkitPro/libogc/lib/cube\libogc.a(lwp_queue.o)
                0x80019c44                __lwp_queue_initialize
 .text.__lwp_queue_get
                0x80019c98       0x64 C:/devkitPro/libogc/lib/cube\libogc.a(lwp_queue.o)
                0x80019c98                __lwp_queue_get
 .text.__lwp_queue_append
                0x80019cfc       0x50 C:/devkitPro/libogc/lib/cube\libogc.a(lwp_queue.o)
                0x80019cfc                __lwp_queue_append
 .text.__usbgecko_exi_unlock
                0x80019d4c       0x30 C:/devkitPro/libogc/lib/cube\libogc.a(usbgecko.o)
 .text.__usb_sendbyte
                0x80019d7c       0xdc C:/devkitPro/libogc/lib/cube\libogc.a(usbgecko.o)
 .text.__usb_checksend
                0x80019e58       0xd4 C:/devkitPro/libogc/lib/cube\libogc.a(usbgecko.o)
                0x80019e58                __usb_checksend
 .text.usb_isgeckoalive
                0x80019f2c      0x1e0 C:/devkitPro/libogc/lib/cube\libogc.a(usbgecko.o)
                0x80019f2c                usb_isgeckoalive
 .text.usb_sendbuffer_ex
                0x8001a10c      0x194 C:/devkitPro/libogc/lib/cube\libogc.a(usbgecko.o)
                0x8001a10c                usb_sendbuffer_ex
 .text.usb_sendbuffer
                0x8001a2a0        0x8 C:/devkitPro/libogc/lib/cube\libogc.a(usbgecko.o)
                0x8001a2a0                usb_sendbuffer
 .text.usb_sendbuffer_safe_ex
                0x8001a2a8      0x1a8 C:/devkitPro/libogc/lib/cube\libogc.a(usbgecko.o)
                0x8001a2a8                usb_sendbuffer_safe_ex
 .text.usb_sendbuffer_safe
                0x8001a450        0x8 C:/devkitPro/libogc/lib/cube\libogc.a(usbgecko.o)
                0x8001a450                usb_sendbuffer_safe
 .text.cos      0x8001a458        0x8 c:/devkitpro/devkitppc/bin/../lib/gcc/powerpc-eabi/6.3.0/../../../../powerpc-eabi/lib\libm.a(lib_a-s_cos.o)
                0x8001a458                cos
 .text.cosf     0x8001a460        0x8 c:/devkitpro/devkitppc/bin/../lib/gcc/powerpc-eabi/6.3.0/../../../../powerpc-eabi/lib\libm.a(lib_a-sf_cos.o)
                0x8001a460                cosf
 .text.sinef    0x8001a468      0x268 c:/devkitpro/devkitppc/bin/../lib/gcc/powerpc-eabi/6.3.0/../../../../powerpc-eabi/lib\libm.a(lib_a-sf_sine.o)
                0x8001a468                sinef
 .text.sinf     0x8001a6d0        0x8 c:/devkitpro/devkitppc/bin/../lib/gcc/powerpc-eabi/6.3.0/../../../../powerpc-eabi/lib\libm.a(lib_a-sf_sin.o)
                0x8001a6d0                sinf
 .text.tanf     0x8001a6d8      0x1c8 c:/devkitpro/devkitppc/bin/../lib/gcc/powerpc-eabi/6.3.0/../../../../powerpc-eabi/lib\libm.a(lib_a-sf_tan.o)
                0x8001a6d8                tanf
 .text.sine     0x8001a8a0      0x290 c:/devkitpro/devkitppc/bin/../lib/gcc/powerpc-eabi/6.3.0/../../../../powerpc-eabi/lib\libm.a(lib_a-s_sine.o)
                0x8001a8a0                sine
 .text.sin      0x8001ab30        0x8 c:/devkitpro/devkitppc/bin/../lib/gcc/powerpc-eabi/6.3.0/../../../../powerpc-eabi/lib\libm.a(lib_a-s_sin.o)
                0x8001ab30                sin
 .text.fabs     0x8001ab38       0xb0 c:/devkitpro/devkitppc/bin/../lib/gcc/powerpc-eabi/6.3.0/../../../../powerpc-eabi/lib\libm.a(lib_a-s_fabs.o)
                0x8001ab38                fabs
 .text.fabsf    0x8001abe8       0xb0 c:/devkitpro/devkitppc/bin/../lib/gcc/powerpc-eabi/6.3.0/../../../../powerpc-eabi/lib\libm.a(lib_a-sf_fabs.o)
                0x8001abe8                fabsf
 .text.numtestf
                0x8001ac98       0x4c c:/devkitpro/devkitppc/bin/../lib/gcc/powerpc-eabi/6.3.0/../../../../powerpc-eabi/lib\libm.a(lib_a-sf_numtest.o)
                0x8001ac98                numtestf
 .text.numtest  0x8001ace4       0x58 c:/devkitpro/devkitppc/bin/../lib/gcc/powerpc-eabi/6.3.0/../../../../powerpc-eabi/lib\libm.a(lib_a-s_numtest.o)
                0x8001ace4                numtest
 .text.__udivdi3
                0x8001ad3c      0x3e4 c:/devkitpro/devkitppc/bin/../lib/gcc/powerpc-eabi/6.3.0\libgcc.a(_udivdi3.o)
                0x8001ad3c                __udivdi3
 .text.__umoddi3
                0x8001b120      0x3c4 c:/devkitpro/devkitppc/bin/../lib/gcc/powerpc-eabi/6.3.0\libgcc.a(_umoddi3.o)
                0x8001b120                __umoddi3
 .text.abort    0x8001b4e4       0x28 c:/devkitpro/devkitppc/bin/../lib/gcc/powerpc-eabi/6.3.0/../../../../powerpc-eabi/lib\libsysbase.a(abort.o)
                0x8001b4e4                abort
 .text.null_write
                0x8001b50c        0x8 c:/devkitpro/devkitppc/bin/../lib/gcc/powerpc-eabi/6.3.0/../../../../powerpc-eabi/lib\libsysbase.a(iosupport.o)
 .text._exit    0x8001b514       0x2c c:/devkitpro/devkitppc/bin/../lib/gcc/powerpc-eabi/6.3.0/../../../../powerpc-eabi/lib\libsysbase.a(_exit.o)
                0x8001b514                _exit
 .text.build_argv
                0x8001b540       0x88 c:/devkitpro/devkitppc/bin/../lib/gcc/powerpc-eabi/6.3.0/../../../../powerpc-eabi/lib\libsysbase.a(build_argv.o)
                0x8001b540                build_argv
 .text.__libc_lock_init
                0x8001b5c8       0x20 c:/devkitpro/devkitppc/bin/../lib/gcc/powerpc-eabi/6.3.0/../../../../powerpc-eabi/lib\libsysbase.a(syscall_support.o)
                0x8001b5c8                __libc_lock_init
 .text.__libc_lock_close
                0x8001b5e8       0x20 c:/devkitpro/devkitppc/bin/../lib/gcc/powerpc-eabi/6.3.0/../../../../powerpc-eabi/lib\libsysbase.a(syscall_support.o)
                0x8001b5e8                __libc_lock_close
 .text.__libc_lock_release
                0x8001b608       0x20 c:/devkitpro/devkitppc/bin/../lib/gcc/powerpc-eabi/6.3.0/../../../../powerpc-eabi/lib\libsysbase.a(syscall_support.o)
                0x8001b608                __libc_lock_release
 .text.__libc_lock_acquire
                0x8001b628       0x20 c:/devkitpro/devkitppc/bin/../lib/gcc/powerpc-eabi/6.3.0/../../../../powerpc-eabi/lib\libsysbase.a(syscall_support.o)
                0x8001b628                __libc_lock_acquire
 .text.__malloc_lock
                0x8001b648       0x18 c:/devkitpro/devkitppc/bin/../lib/gcc/powerpc-eabi/6.3.0/../../../../powerpc-eabi/lib\libsysbase.a(syscall_support.o)
                0x8001b648                __malloc_lock
 .text.__malloc_unlock
                0x8001b660       0x18 c:/devkitpro/devkitppc/bin/../lib/gcc/powerpc-eabi/6.3.0/../../../../powerpc-eabi/lib\libsysbase.a(syscall_support.o)
                0x8001b660                __malloc_unlock
 .text.calloc   0x8001b678       0x14 c:/devkitpro/devkitppc/bin/../lib/gcc/powerpc-eabi/6.3.0/../../../../powerpc-eabi/lib\libc.a(lib_a-calloc.o)
                0x8001b678                calloc
 .text._calloc_r